in_code: |-
  _start:
    lit 0x7FFFFFFF
    lit 1
    +
    c
    dup
    lit 48
    +
    out 2
  save:
    swap
    lit 0
    swap
    !
    lit 1
    swap
    !
    halt
in_stdin: |-
  5Artem
out_code_hex: |-
  0 - 157FFFFFFF - lit 2147483647
  1 - 1501 - lit 1
  2 - 03 - +
  3 - 20 - c
  4 - 01 - dup
  5 - 1530 - lit 48
  6 - 03 - +
  7 - 1602 - out 2
  8 - 02 - swap
  9 - 1500 - lit 0
  10 - 02 - swap
  11 - 11 - !
  12 - 1501 - lit 1
  13 - 02 - swap
  14 - 11 - !
  15 - 14 - halt

out_stdout: |2

  Машинный код
  0 - 157FFFFFFF - lit 2147483647
  1 - 1501 - lit 1
  2 - 03 - +
  3 - 20 - c
  4 - 01 - dup
  5 - 1530 - lit 48
  6 - 03 - +
  7 - 1602 - out 2
  8 - 02 - swap
  9 - 1500 - lit 0
  10 - 02 - swap
  11 - 11 - !
  12 - 1501 - lit 1
  13 - 02 - swap
  14 - 11 - !
  15 - 14 - halt

  source LoC: 18 code instr: 16
  ============================================================
  [tick 0] LIT - подготовка
  [tick 1] LIT - загрузка значения 2147483647
  [tick 1] TOS -> STACK
  [tick 2] LIT - подготовка
  [tick 3] LIT - загрузка значения 1
  [tick 3] TOS -> STACK
  [tick 4] ADD
  [tick 4] FIRST_STACK -> TOS
  [tick 5] TOS -> FIRST_STACK
  [tick 6] CARRY
  [tick 7] DUP
  [tick 8] TOS -> FIRST_STACK
  [tick 9] A -> TOS
  [tick 10] TOS -> FIRST_STACK
  [tick 11] LIT - подготовка
  [tick 12] LIT - загрузка значения 48
  [tick 12] TOS -> STACK
  [tick 13] ADD
  [tick 13] FIRST_STACK -> TOS
  [tick 14] TOS -> FIRST_STACK
  [tick 15] EMIT
  Output char '1'
  [tick 16] SWAP
  [tick 16] FIRST_STACK -> TOS
  [tick 18] FIRST_STACK -> A
  [tick 19] TOS -> FIRST_STACK
  [tick 20] A -> TOS
  [tick 21] TOS -> FIRST_STACK
  [tick 22] LIT - подготовка
  [tick 23] LIT - загрузка значения 0
  [tick 23] TOS -> STACK
  [tick 24] SWAP
  [tick 24] FIRST_STACK -> TOS
  [tick 26] FIRST_STACK -> A
  [tick 27] TOS -> FIRST_STACK
  [tick 28] A -> TOS
  [tick 29] TOS -> FIRST_STACK
  [tick 30] STORE
  [tick 31] LIT - подготовка
  [tick 32] LIT - загрузка значения 1
  [tick 32] TOS -> STACK
  [tick 33] SWAP
  [tick 33] FIRST_STACK -> TOS
  [tick 35] FIRST_STACK -> A
  [tick 36] TOS -> FIRST_STACK
  [tick 37] A -> TOS
  [tick 38] TOS -> FIRST_STACK
  [tick 39] STORE
  [tick 40] HALT


out_log: |-
  DEBUG    root:machine.py:480 Tick: 0, PC: 0, Stack: [0, 0], Input: ['5', 'A', 'r', 't', 'e', 'm'], Output: [], tos: 0, a: 0, b: [], dump: [0, 0, 0, 0, 0, 0, 0, 0, 0, 0, 0, 0, 0, 0, 0, 0, 0, 0, 0, 0, 0, 0, 0, 0, 0], 
  DEBUG    root:machine.py:484 Tick: 2, PC: 1, Stack: [2147483647, 0], Input: ['5', 'A', 'r', 't', 'e', 'm'], Output: [], tos: 0, a: 0, b: [], dump: [0, 0, 0, 0, 0, 0, 0, 0, 0, 0, 0, 0, 0, 0, 0, 0, 0, 0, 0, 0, 0, 0, 0, 0, 0], 
  DEBUG    root:machine.py:484 Tick: 4, PC: 2, Stack: [1, 2147483647], Input: ['5', 'A', 'r', 't', 'e', 'm'], Output: [], tos: 0, a: 0, b: [], dump: [0, 0, 0, 0, 0, 0, 0, 0, 0, 0, 0, 0, 0, 0, 0, 0, 0, 0, 0, 0, 0, 0, 0, 0, 0], 
  DEBUG    root:machine.py:484 Tick: 6, PC: 3, Stack: [0, 0], Input: ['5', 'A', 'r', 't', 'e', 'm'], Output: [], tos: 0, a: 0, b: [], dump: [0, 0, 0, 0, 0, 0, 0, 0, 0, 0, 0, 0, 0, 0, 0, 0, 0, 0, 0, 0, 0, 0, 0, 0, 0], 
  DEBUG    root:machine.py:484 Tick: 7, PC: 4, Stack: [1, 0], Input: ['5', 'A', 'r', 't', 'e', 'm'], Output: [], tos: 0, a: 0, b: [], dump: [0, 0, 0, 0, 0, 0, 0, 0, 0, 0, 0, 0, 0, 0, 0, 0, 0, 0, 0, 0, 0, 0, 0, 0, 0], 
  DEBUG    root:machine.py:484 Tick: 11, PC: 5, Stack: [1, 1], Input: ['5', 'A', 'r', 't', 'e', 'm'], Output: [], tos: 1, a: 1, b: [], dump: [0, 0, 0, 0, 0, 0, 0, 0, 0, 0, 0, 0, 0, 0, 0, 0, 0, 0, 0, 0, 0, 0, 0, 0, 0], 
  DEBUG    root:machine.py:484 Tick: 13, PC: 6, Stack: [48, 1], Input: ['5', 'A', 'r', 't', 'e', 'm'], Output: [], tos: 1, a: 1, b: [], dump: [0, 0, 0, 0, 0, 0, 0, 0, 0, 0, 0, 0, 0, 0, 0, 0, 0, 0, 0, 0, 0, 0, 0, 0, 0], 
  DEBUG    root:machine.py:484 Tick: 15, PC: 7, Stack: [49, 1], Input: ['5', 'A', 'r', 't', 'e', 'm'], Output: [], tos: 49, a: 1, b: [], dump: [0, 0, 0, 0, 0, 0, 0, 0, 0, 0, 0, 0, 0, 0, 0, 0, 0, 0, 0, 0, 0, 0, 0, 0, 0], 
  DEBUG    root:machine.py:484 Tick: 16, PC: 8, Stack: [1, 0], Input: ['5', 'A', 'r', 't', 'e', 'm'], Output: ['1'], tos: 49, a: 1, b: [], dump: [0, 0, 0, 0, 0, 0, 0, 0, 0, 0, 0, 0, 0, 0, 0, 0, 0, 0, 0, 0, 0, 0, 0, 0, 0], 
  DEBUG    root:machine.py:484 Tick: 22, PC: 9, Stack: [0, 1], Input: ['5', 'A', 'r', 't', 'e', 'm'], Output: ['1'], tos: 0, a: 0, b: [], dump: [0, 0, 0, 0, 0, 0, 0, 0, 0, 0, 0, 0, 0, 0, 0, 0, 0, 0, 0, 0, 0, 0, 0, 0, 0], 
  DEBUG    root:machine.py:484 Tick: 24, PC: 10, Stack: [0, 0], Input: ['5', 'A', 'r', 't', 'e', 'm'], Output: ['1'], tos: 0, a: 0, b: [], dump: [0, 0, 0, 0, 0, 0, 0, 0, 0, 0, 0, 0, 0, 0, 0, 0, 0, 0, 0, 0, 0, 0, 0, 0, 0], 
  DEBUG    root:machine.py:484 Tick: 30, PC: 11, Stack: [0, 0], Input: ['5', 'A', 'r', 't', 'e', 'm'], Output: ['1'], tos: 0, a: 0, b: [], dump: [0, 0, 0, 0, 0, 0, 0, 0, 0, 0, 0, 0, 0, 0, 0, 0, 0, 0, 0, 0, 0, 0, 0, 0, 0], 
  DEBUG    root:machine.py:484 Tick: 31, PC: 12, Stack: [1, 0], Input: ['5', 'A', 'r', 't', 'e', 'm'], Output: ['1'], tos: 0, a: 0, b: [], dump: [0, 0, 0, 0, 0, 0, 0, 0, 0, 0, 0, 0, 0, 0, 0, 0, 0, 0, 0, 0, 0, 0, 0, 0, 0], 
  DEBUG    root:machine.py:484 Tick: 33, PC: 13, Stack: [1, 1], Input: ['5', 'A', 'r', 't', 'e', 'm'], Output: ['1'], tos: 0, a: 0, b: [], dump: [0, 0, 0, 0, 0, 0, 0, 0, 0, 0, 0, 0, 0, 0, 0, 0, 0, 0, 0, 0, 0, 0, 0, 0, 0], 
  DEBUG    root:machine.py:484 Tick: 39, PC: 14, Stack: [1, 1], Input: ['5', 'A', 'r', 't', 'e', 'm'], Output: ['1'], tos: 1, a: 1, b: [], dump: [0, 0, 0, 0, 0, 0, 0, 0, 0, 0, 0, 0, 0, 0, 0, 0, 0, 0, 0, 0, 0, 0, 0, 0, 0], 
  DEBUG    root:machine.py:484 Tick: 40, PC: 15, Stack: [0, 0], Input: ['5', 'A', 'r', 't', 'e', 'm'], Output: ['1'], tos: 1, a: 1, b: [], dump: [0, 1, 0, 0, 0, 0, 0, 0, 0, 0, 0, 0, 0, 0, 0, 0, 0, 0, 0, 0, 0, 0, 0, 0, 0], 
  DEBUG    root:machine.py:484 Tick: 41, PC: 15, Stack: [0, 0], Input: ['5', 'A', 'r', 't', 'e', 'm'], Output: ['1'], tos: 1, a: 1, b: [], dump: [0, 1, 0, 0, 0, 0, 0, 0, 0, 0, 0, 0, 0, 0, 0, 0, 0, 0, 0, 0, 0, 0, 0, 0, 0], 
  EOF
