in_code: |-
  0x5 VARIABLE index
  _start:
      in 0
      lit 48
      call rep
      !
  while:
      in 0
      out 2
      lit index
      @
      lit 1
      call rep
      dup
      if end
      !
      jump while
  rep:
      swap
      -
      lit index
      swap
      ret
  end:
      halt
in_stdin: |-
  5Artem
out_code_hex: |-
  0x8 -   13000000 - in (00000000)
  0xc -   15000030 - lit (00000030)
  0x10 -   18000034 - call (00000034)
  0x14 -         11 - !
  0x15 -   13000000 - in (00000000)
  0x19 -   16000002 - out (00000002)
  0x1d -   1500003D - lit (0000003D)
  0x21 -         12 - @
  0x22 -   15000001 - lit (00000001)
  0x26 -   18000034 - call (00000034)
  0x2a -          1 - dup
  0x2b -   1000003C - if (0000003C)
  0x2f -         11 - !
  0x30 -   17000015 - jump (00000015)
  0x34 -          2 - swap
  0x35 -          4 - -
  0x36 -   1500003D - lit (0000003D)
  0x3a -          2 - swap
  0x3b -         19 - ret
  0x3c -         14 - halt
  0x3d -          5 - halt
out_stdout: |
  {'address': 8, 'opcode': <Opcode.IN: 'in'>, 'arg': 0, 'term': Term(line=2, pos=2, word='0')}
  {'address': 12, 'opcode': <Opcode.LIT: 'lit'>, 'arg': 48, 'term': Term(line=3, pos=2, word='48')}
  {'address': 16, 'opcode': <Opcode.CALL: 'call'>, 'arg': 52, 'term': Term(line=4, pos=1, word='call')}
  {'address': 20, 'opcode': <Opcode.STORE: '!'>, 'term': Term(line=5, pos=1, word='!')}
  {'address': 21, 'opcode': <Opcode.IN: 'in'>, 'arg': 0, 'term': Term(line=7, pos=2, word='0')}
  {'address': 25, 'opcode': <Opcode.OUT: 'out'>, 'arg': 2, 'term': Term(line=8, pos=2, word='2')}
  {'address': 29, 'opcode': <Opcode.LIT: 'lit'>, 'arg': 61, 'term': Term(line=9, pos=1, word='lit')}
  {'address': 33, 'opcode': <Opcode.FETCH: '@'>, 'term': Term(line=10, pos=1, word='@')}
  {'address': 34, 'opcode': <Opcode.LIT: 'lit'>, 'arg': 1, 'term': Term(line=11, pos=2, word='1')}
  {'address': 38, 'opcode': <Opcode.CALL: 'call'>, 'arg': 52, 'term': Term(line=12, pos=1, word='call')}
  {'address': 42, 'opcode': <Opcode.DUP: 'dup'>, 'term': Term(line=13, pos=1, word='dup')}
  {'address': 43, 'opcode': <Opcode.IF: 'if'>, 'arg': 60, 'term': Term(line=14, pos=1, word='if')}
  {'address': 47, 'opcode': <Opcode.STORE: '!'>, 'term': Term(line=15, pos=1, word='!')}
  {'address': 48, 'opcode': <Opcode.JUMP: 'jump'>, 'arg': 21, 'term': Term(line=16, pos=1, word='jump')}
  {'address': 52, 'opcode': <Opcode.SWAP: 'swap'>, 'term': Term(line=18, pos=1, word='swap')}
  {'address': 53, 'opcode': <Opcode.SUB: '-'>, 'term': Term(line=19, pos=1, word='-')}
  {'address': 54, 'opcode': <Opcode.LIT: 'lit'>, 'arg': 61, 'term': Term(line=20, pos=1, word='lit')}
  {'address': 58, 'opcode': <Opcode.SWAP: 'swap'>, 'term': Term(line=21, pos=1, word='swap')}
  {'address': 59, 'opcode': <Opcode.RET: 'ret'>, 'term': Term(line=22, pos=1, word='ret')}
  {'address': 60, 'opcode': <Opcode.HALT: 'halt'>, 'term': Term(line=24, pos=1, word='halt')}
  {'address': 61, 'arg': 5}
  source LoC: 94 code instr: 21
  ============================================================
  ['0', '0', '0', '0', '0', '0', '0', '0', {'index': 8, 'opcode': <Opcode.IN: 'in'>, 'arg': 0}, '0', '0', '0', {'index': 12, 'opcode': <Opcode.LIT: 'lit'>, 'arg': 48}, '0', '0', '0', {'index': 16, 'opcode': <Opcode.CALL: 'call'>, 'arg': 52}, '0', '0', '0', {'index': 20, 'opcode': <Opcode.STORE: '!'>}, {'index': 21, 'opcode': <Opcode.IN: 'in'>, 'arg': 0}, '0', '0', '0', {'index': 25, 'opcode': <Opcode.OUT: 'out'>, 'arg': 2}, '0', '0', '0', {'index': 29, 'opcode': <Opcode.LIT: 'lit'>, 'arg': 61}, '0', '0', '0', {'index': 33, 'opcode': <Opcode.FETCH: '@'>}, {'index': 34, 'opcode': <Opcode.LIT: 'lit'>, 'arg': 1}, '0', '0', '0', {'index': 38, 'opcode': <Opcode.CALL: 'call'>, 'arg': 52}, '0', '0', '0', {'index': 42, 'opcode': <Opcode.DUP: 'dup'>}, {'index': 43, 'opcode': <Opcode.IF: 'if'>, 'arg': 60}, '0', '0', '0', {'index': 47, 'opcode': <Opcode.STORE: '!'>}, {'index': 48, 'opcode': <Opcode.JUMP: 'jump'>, 'arg': 21}, '0', '0', '0', {'index': 52, 'opcode': <Opcode.SWAP: 'swap'>}, {'index': 53, 'opcode': <Opcode.SUB: '-'>}, {'index': 54, 'opcode': <Opcode.LIT: 'lit'>, 'arg': 61}, '0', '0', '0', {'index': 58, 'opcode': <Opcode.SWAP: 'swap'>}, {'index': 59, 'opcode': <Opcode.RET: 'ret'>}, {'index': 60, 'opcode': <Opcode.HALT: 'halt'>}, 5]
  62 [5]
  [tick 0] KEY
  Read char '5' (code 53)
  [tick 1] A -> STACK
  [tick 3] LIT - подготовка
  [tick 4] LIT - загрузка значения 48
  [tick 5] COMEBACK ADR
  [tick 6] JUMP
  Jump to 52
  [tick 7] SWAP
  [16, 48]
  [tick 9] FIRST_STACK -> A
  [tick 11] A -> STACK
  [tick 13] SUB
  [tick 16] LIT - подготовка
  [tick 17] LIT - загрузка значения 61
  [tick 18] SWAP
  [16, 61]
  [tick 20] FIRST_STACK -> A
  [tick 22] A -> STACK
  [tick 25] STORE
  Store 5 to address 61
  [tick 26] KEY
  Read char 'A' (code 65)
  [tick 27] A -> STACK
  [tick 29] EMIT
  Output char 'A'
  [tick 30] LIT - подготовка
  [tick 31] LIT - загрузка значения 61
  [tick 32] FETCH
  Fetched 5 from address 61
  [tick 33] A -> STACK
  [tick 35] LIT - подготовка
  [tick 36] LIT - загрузка значения 1
  [tick 37] COMEBACK ADR
  [tick 38] JUMP
  Jump to 52
  [tick 39] SWAP
  [38, 1]
  [tick 41] FIRST_STACK -> A
  [tick 43] A -> STACK
  [tick 45] SUB
  [tick 48] LIT - подготовка
  [tick 49] LIT - загрузка значения 61
  [tick 50] SWAP
  [38, 61]
  [tick 52] FIRST_STACK -> A
  [tick 54] A -> STACK
  [tick 57] DUP
  [tick 58] A -> STACK
  [tick 59] A -> STACK
  [tick 61] IF - проверка условия
  [tick 62] IF - переход не требуется (не ноль)
  [tick 63] STORE
  Store 4 to address 61
  [tick 64] JUMP
  Jump to 21
  [tick 65] KEY
  Read char 'r' (code 114)
  [tick 66] A -> STACK
  [tick 68] EMIT
  Output char 'r'
  [tick 69] LIT - подготовка
  [tick 70] LIT - загрузка значения 61
  [tick 71] FETCH
  Fetched 4 from address 61
  [tick 72] A -> STACK
  [tick 74] LIT - подготовка
  [tick 75] LIT - загрузка значения 1
  [tick 76] COMEBACK ADR
  [tick 77] JUMP
  Jump to 52
  [tick 78] SWAP
  [38, 1]
  [tick 80] FIRST_STACK -> A
  [tick 82] A -> STACK
  [tick 84] SUB
  [tick 87] LIT - подготовка
  [tick 88] LIT - загрузка значения 61
  [tick 89] SWAP
  [38, 61]
  [tick 91] FIRST_STACK -> A
  [tick 93] A -> STACK
  [tick 96] DUP
  [tick 97] A -> STACK
  [tick 98] A -> STACK
  [tick 100] IF - проверка условия
  [tick 101] IF - переход не требуется (не ноль)
  [tick 102] STORE
  Store 3 to address 61
  [tick 103] JUMP
  Jump to 21
  [tick 104] KEY
  Read char 't' (code 116)
  [tick 105] A -> STACK
  [tick 107] EMIT
  Output char 't'
  [tick 108] LIT - подготовка
  [tick 109] LIT - загрузка значения 61
  [tick 110] FETCH
  Fetched 3 from address 61
  [tick 111] A -> STACK
  [tick 113] LIT - подготовка
  [tick 114] LIT - загрузка значения 1
  [tick 115] COMEBACK ADR
  [tick 116] JUMP
  Jump to 52
  [tick 117] SWAP
  [38, 1]
  [tick 119] FIRST_STACK -> A
  [tick 121] A -> STACK
  [tick 123] SUB
  [tick 126] LIT - подготовка
  [tick 127] LIT - загрузка значения 61
  [tick 128] SWAP
  [38, 61]
  [tick 130] FIRST_STACK -> A
  [tick 132] A -> STACK
  [tick 135] DUP
  [tick 136] A -> STACK
  [tick 137] A -> STACK
  [tick 139] IF - проверка условия
  [tick 140] IF - переход не требуется (не ноль)
  [tick 141] STORE
  Store 2 to address 61
  [tick 142] JUMP
  Jump to 21
  [tick 143] KEY
  Read char 'e' (code 101)
  [tick 144] A -> STACK
  [tick 146] EMIT
  Output char 'e'
  [tick 147] LIT - подготовка
  [tick 148] LIT - загрузка значения 61
  [tick 149] FETCH
  Fetched 2 from address 61
  [tick 150] A -> STACK
  [tick 152] LIT - подготовка
  [tick 153] LIT - загрузка значения 1
  [tick 154] COMEBACK ADR
  [tick 155] JUMP
  Jump to 52
  [tick 156] SWAP
  [38, 1]
  [tick 158] FIRST_STACK -> A
  [tick 160] A -> STACK
  [tick 162] SUB
  [tick 165] LIT - подготовка
  [tick 166] LIT - загрузка значения 61
  [tick 167] SWAP
  [38, 61]
  [tick 169] FIRST_STACK -> A
  [tick 171] A -> STACK
  [tick 174] DUP
  [tick 175] A -> STACK
  [tick 176] A -> STACK
  [tick 178] IF - проверка условия
  [tick 179] IF - переход не требуется (не ноль)
  [tick 180] STORE
  Store 1 to address 61
  [tick 181] JUMP
  Jump to 21
  [tick 182] KEY
  Read char 'm' (code 109)
  [tick 183] A -> STACK
  [tick 185] EMIT
  Output char 'm'
  [tick 186] LIT - подготовка
  [tick 187] LIT - загрузка значения 61
  [tick 188] FETCH
  Fetched 1 from address 61
  [tick 189] A -> STACK
  [tick 191] LIT - подготовка
  [tick 192] LIT - загрузка значения 1
  [tick 193] COMEBACK ADR
  [tick 194] JUMP
  Jump to 52
  [tick 195] SWAP
  [38, 1]
  [tick 197] FIRST_STACK -> A
  [tick 199] A -> STACK
  [tick 201] SUB
  [tick 204] LIT - подготовка
  [tick 205] LIT - загрузка значения 61
  [tick 206] SWAP
  [38, 61]
  [tick 208] FIRST_STACK -> A
  [tick 210] A -> STACK
  [tick 213] DUP
  [tick 214] A -> STACK
  [tick 215] A -> STACK
  [tick 217] IF - проверка условия
  [tick 218] IF - переход на 60
  [tick 219] HALT


out_log: |-
  DEBUG    root:machine.py:492 Tick: 0, PC: 0, Stack: [0, 0], Input: ['5', 'A', 'r', 't', 'e', 'm'], Output: [], a: 0, b: [], dump: [5, 0, 0, 0, 0, 0, 0, 0, 0, 0, 0, 0, 0, 0, 0, 0, 0, 0, 0, 0, 0, 0, 0, 0, 0, 0, 0, 0, 0, 0, 0, 0, 0, 0, 0, 0, 0, 0, 0, 0, 0, 0, 0, 0, 0, 0, 0, 0, 0, 0, 0], 
  DEBUG    root:machine.py:496 Tick: 3, PC: 9, Stack: [53, 0], Input: ['A', 'r', 't', 'e', 'm'], Output: [], a: 53, b: [], dump: [5, 0, 0, 0, 0, 0, 0, 0, 0, 0, 0, 0, 0, 0, 0, 0, 0, 0, 0, 0, 0, 0, 0, 0, 0, 0, 0, 0, 0, 0, 0, 0, 0, 0, 0, 0, 0, 0, 0, 0, 0, 0, 0, 0, 0, 0, 0, 0, 0, 0, 0], 
  DEBUG    root:machine.py:496 Tick: 5, PC: 13, Stack: [48, 53], Input: ['A', 'r', 't', 'e', 'm'], Output: [], a: 53, b: [], dump: [5, 0, 0, 0, 0, 0, 0, 0, 0, 0, 0, 0, 0, 0, 0, 0, 0, 0, 0, 0, 0, 0, 0, 0, 0, 0, 0, 0, 0, 0, 0, 0, 0, 0, 0, 0, 0, 0, 0, 0, 0, 0, 0, 0, 0, 0, 0, 0, 0, 0, 0], 
  DEBUG    root:machine.py:496 Tick: 7, PC: 52, Stack: [48, 53], Input: ['A', 'r', 't', 'e', 'm'], Output: [], a: 53, b: [16], dump: [5, 0, 0, 0, 0, 0, 0, 0, 0, 0, 0, 0, 0, 0, 0, 0, 0, 0, 0, 0, 0, 0, 0, 0, 0, 0, 0, 0, 0, 0, 0, 0, 0, 0, 0, 0, 0, 0, 0, 0, 0, 0, 0, 0, 0, 0, 0, 0, 0, 0, 0], 
  DEBUG    root:machine.py:496 Tick: 13, PC: 53, Stack: [53, 48], Input: ['A', 'r', 't', 'e', 'm'], Output: [], a: 53, b: [16], dump: [5, 0, 0, 0, 0, 0, 0, 0, 0, 0, 0, 0, 0, 0, 0, 0, 0, 0, 0, 0, 0, 0, 0, 0, 0, 0, 0, 0, 0, 0, 0, 0, 0, 0, 0, 0, 0, 0, 0, 0, 0, 0, 0, 0, 0, 0, 0, 0, 0, 0, 0], 
  DEBUG    root:machine.py:496 Tick: 16, PC: 54, Stack: [5, 0], Input: ['A', 'r', 't', 'e', 'm'], Output: [], a: 53, b: [16], dump: [5, 0, 0, 0, 0, 0, 0, 0, 0, 0, 0, 0, 0, 0, 0, 0, 0, 0, 0, 0, 0, 0, 0, 0, 0, 0, 0, 0, 0, 0, 0, 0, 0, 0, 0, 0, 0, 0, 0, 0, 0, 0, 0, 0, 0, 0, 0, 0, 0, 0, 0], 
  DEBUG    root:machine.py:496 Tick: 18, PC: 55, Stack: [61, 5], Input: ['A', 'r', 't', 'e', 'm'], Output: [], a: 53, b: [16], dump: [5, 0, 0, 0, 0, 0, 0, 0, 0, 0, 0, 0, 0, 0, 0, 0, 0, 0, 0, 0, 0, 0, 0, 0, 0, 0, 0, 0, 0, 0, 0, 0, 0, 0, 0, 0, 0, 0, 0, 0, 0, 0, 0, 0, 0, 0, 0, 0, 0, 0, 0], 
  DEBUG    root:machine.py:496 Tick: 24, PC: 59, Stack: [5, 61], Input: ['A', 'r', 't', 'e', 'm'], Output: [], a: 5, b: [16], dump: [5, 0, 0, 0, 0, 0, 0, 0, 0, 0, 0, 0, 0, 0, 0, 0, 0, 0, 0, 0, 0, 0, 0, 0, 0, 0, 0, 0, 0, 0, 0, 0, 0, 0, 0, 0, 0, 0, 0, 0, 0, 0, 0, 0, 0, 0, 0, 0, 0, 0, 0], 
  DEBUG    root:machine.py:496 Tick: 25, PC: 17, Stack: [5, 61], Input: ['A', 'r', 't', 'e', 'm'], Output: [], a: 16, b: [], dump: [5, 0, 0, 0, 0, 0, 0, 0, 0, 0, 0, 0, 0, 0, 0, 0, 0, 0, 0, 0, 0, 0, 0, 0, 0, 0, 0, 0, 0, 0, 0, 0, 0, 0, 0, 0, 0, 0, 0, 0, 0, 0, 0, 0, 0, 0, 0, 0, 0, 0, 0], 
  DEBUG    root:machine.py:496 Tick: 26, PC: 21, Stack: [0, 0], Input: ['A', 'r', 't', 'e', 'm'], Output: [], a: 16, b: [], dump: [5, 0, 0, 0, 0, 0, 0, 0, 0, 0, 0, 0, 0, 0, 0, 0, 0, 0, 0, 0, 0, 0, 0, 0, 0, 0, 0, 0, 0, 0, 0, 0, 0, 0, 0, 0, 0, 0, 0, 0, 0, 0, 0, 0, 0, 0, 0, 0, 0, 0, 0], 
  DEBUG    root:machine.py:496 Tick: 29, PC: 22, Stack: [65, 0], Input: ['r', 't', 'e', 'm'], Output: [], a: 65, b: [], dump: [5, 0, 0, 0, 0, 0, 0, 0, 0, 0, 0, 0, 0, 0, 0, 0, 0, 0, 0, 0, 0, 0, 0, 0, 0, 0, 0, 0, 0, 0, 0, 0, 0, 0, 0, 0, 0, 0, 0, 0, 0, 0, 0, 0, 0, 0, 0, 0, 0, 0, 0], 
  DEBUG    root:machine.py:496 Tick: 30, PC: 26, Stack: [0, 0], Input: ['r', 't', 'e', 'm'], Output: ['A'], a: 65, b: [], dump: [5, 0, 0, 0, 0, 0, 0, 0, 0, 0, 0, 0, 0, 0, 0, 0, 0, 0, 0, 0, 0, 0, 0, 0, 0, 0, 0, 0, 0, 0, 0, 0, 0, 0, 0, 0, 0, 0, 0, 0, 0, 0, 0, 0, 0, 0, 0, 0, 0, 0, 0], 
  DEBUG    root:machine.py:496 Tick: 32, PC: 30, Stack: [61, 0], Input: ['r', 't', 'e', 'm'], Output: ['A'], a: 65, b: [], dump: [5, 0, 0, 0, 0, 0, 0, 0, 0, 0, 0, 0, 0, 0, 0, 0, 0, 0, 0, 0, 0, 0, 0, 0, 0, 0, 0, 0, 0, 0, 0, 0, 0, 0, 0, 0, 0, 0, 0, 0, 0, 0, 0, 0, 0, 0, 0, 0, 0, 0, 0], 
  DEBUG    root:machine.py:496 Tick: 35, PC: 34, Stack: [5, 0], Input: ['r', 't', 'e', 'm'], Output: ['A'], a: 5, b: [], dump: [5, 0, 0, 0, 0, 0, 0, 0, 0, 0, 0, 0, 0, 0, 0, 0, 0, 0, 0, 0, 0, 0, 0, 0, 0, 0, 0, 0, 0, 0, 0, 0, 0, 0, 0, 0, 0, 0, 0, 0, 0, 0, 0, 0, 0, 0, 0, 0, 0, 0, 0], 
  DEBUG    root:machine.py:496 Tick: 37, PC: 35, Stack: [1, 5], Input: ['r', 't', 'e', 'm'], Output: ['A'], a: 5, b: [], dump: [5, 0, 0, 0, 0, 0, 0, 0, 0, 0, 0, 0, 0, 0, 0, 0, 0, 0, 0, 0, 0, 0, 0, 0, 0, 0, 0, 0, 0, 0, 0, 0, 0, 0, 0, 0, 0, 0, 0, 0, 0, 0, 0, 0, 0, 0, 0, 0, 0, 0, 0], 
  DEBUG    root:machine.py:496 Tick: 39, PC: 52, Stack: [1, 5], Input: ['r', 't', 'e', 'm'], Output: ['A'], a: 5, b: [38], dump: [5, 0, 0, 0, 0, 0, 0, 0, 0, 0, 0, 0, 0, 0, 0, 0, 0, 0, 0, 0, 0, 0, 0, 0, 0, 0, 0, 0, 0, 0, 0, 0, 0, 0, 0, 0, 0, 0, 0, 0, 0, 0, 0, 0, 0, 0, 0, 0, 0, 0, 0], 
  DEBUG    root:machine.py:496 Tick: 45, PC: 53, Stack: [5, 1], Input: ['r', 't', 'e', 'm'], Output: ['A'], a: 5, b: [38], dump: [5, 0, 0, 0, 0, 0, 0, 0, 0, 0, 0, 0, 0, 0, 0, 0, 0, 0, 0, 0, 0, 0, 0, 0, 0, 0, 0, 0, 0, 0, 0, 0, 0, 0, 0, 0, 0, 0, 0, 0, 0, 0, 0, 0, 0, 0, 0, 0, 0, 0, 0], 
  DEBUG    root:machine.py:496 Tick: 48, PC: 54, Stack: [4, 0], Input: ['r', 't', 'e', 'm'], Output: ['A'], a: 5, b: [38], dump: [5, 0, 0, 0, 0, 0, 0, 0, 0, 0, 0, 0, 0, 0, 0, 0, 0, 0, 0, 0, 0, 0, 0, 0, 0, 0, 0, 0, 0, 0, 0, 0, 0, 0, 0, 0, 0, 0, 0, 0, 0, 0, 0, 0, 0, 0, 0, 0, 0, 0, 0], 
  DEBUG    root:machine.py:496 Tick: 50, PC: 55, Stack: [61, 4], Input: ['r', 't', 'e', 'm'], Output: ['A'], a: 5, b: [38], dump: [5, 0, 0, 0, 0, 0, 0, 0, 0, 0, 0, 0, 0, 0, 0, 0, 0, 0, 0, 0, 0, 0, 0, 0, 0, 0, 0, 0, 0, 0, 0, 0, 0, 0, 0, 0, 0, 0, 0, 0, 0, 0, 0, 0, 0, 0, 0, 0, 0, 0, 0], 
  DEBUG    root:machine.py:496 Tick: 56, PC: 59, Stack: [4, 61], Input: ['r', 't', 'e', 'm'], Output: ['A'], a: 4, b: [38], dump: [5, 0, 0, 0, 0, 0, 0, 0, 0, 0, 0, 0, 0, 0, 0, 0, 0, 0, 0, 0, 0, 0, 0, 0, 0, 0, 0, 0, 0, 0, 0, 0, 0, 0, 0, 0, 0, 0, 0, 0, 0, 0, 0, 0, 0, 0, 0, 0, 0, 0, 0], 
  DEBUG    root:machine.py:496 Tick: 57, PC: 39, Stack: [4, 61], Input: ['r', 't', 'e', 'm'], Output: ['A'], a: 38, b: [], dump: [5, 0, 0, 0, 0, 0, 0, 0, 0, 0, 0, 0, 0, 0, 0, 0, 0, 0, 0, 0, 0, 0, 0, 0, 0, 0, 0, 0, 0, 0, 0, 0, 0, 0, 0, 0, 0, 0, 0, 0, 0, 0, 0, 0, 0, 0, 0, 0, 0, 0, 0], 
  DEBUG    root:machine.py:496 Tick: 61, PC: 43, Stack: [4, 4], Input: ['r', 't', 'e', 'm'], Output: ['A'], a: 4, b: [], dump: [5, 0, 0, 0, 0, 0, 0, 0, 0, 0, 0, 0, 0, 0, 0, 0, 0, 0, 0, 0, 0, 0, 0, 0, 0, 0, 0, 0, 0, 0, 0, 0, 0, 0, 0, 0, 0, 0, 0, 0, 0, 0, 0, 0, 0, 0, 0, 0, 0, 0, 0], 
  DEBUG    root:machine.py:496 Tick: 63, PC: 44, Stack: [4, 61], Input: ['r', 't', 'e', 'm'], Output: ['A'], a: 4, b: [], dump: [5, 0, 0, 0, 0, 0, 0, 0, 0, 0, 0, 0, 0, 0, 0, 0, 0, 0, 0, 0, 0, 0, 0, 0, 0, 0, 0, 0, 0, 0, 0, 0, 0, 0, 0, 0, 0, 0, 0, 0, 0, 0, 0, 0, 0, 0, 0, 0, 0, 0, 0], 
  DEBUG    root:machine.py:496 Tick: 64, PC: 48, Stack: [0, 0], Input: ['r', 't', 'e', 'm'], Output: ['A'], a: 4, b: [], dump: [4, 0, 0, 0, 0, 0, 0, 0, 0, 0, 0, 0, 0, 0, 0, 0, 0, 0, 0, 0, 0, 0, 0, 0, 0, 0, 0, 0, 0, 0, 0, 0, 0, 0, 0, 0, 0, 0, 0, 0, 0, 0, 0, 0, 0, 0, 0, 0, 0, 0, 0], 
  DEBUG    root:machine.py:496 Tick: 65, PC: 21, Stack: [0, 0], Input: ['r', 't', 'e', 'm'], Output: ['A'], a: 4, b: [], dump: [4, 0, 0, 0, 0, 0, 0, 0, 0, 0, 0, 0, 0, 0, 0, 0, 0, 0, 0, 0, 0, 0, 0, 0, 0, 0, 0, 0, 0, 0, 0, 0, 0, 0, 0, 0, 0, 0, 0, 0, 0, 0, 0, 0, 0, 0, 0, 0, 0, 0, 0], 
  DEBUG    root:machine.py:496 Tick: 68, PC: 22, Stack: [114, 0], Input: ['t', 'e', 'm'], Output: ['A'], a: 114, b: [], dump: [4, 0, 0, 0, 0, 0, 0, 0, 0, 0, 0, 0, 0, 0, 0, 0, 0, 0, 0, 0, 0, 0, 0, 0, 0, 0, 0, 0, 0, 0, 0, 0, 0, 0, 0, 0, 0, 0, 0, 0, 0, 0, 0, 0, 0, 0, 0, 0, 0, 0, 0], 
  DEBUG    root:machine.py:496 Tick: 69, PC: 26, Stack: [0, 0], Input: ['t', 'e', 'm'], Output: ['A', 'r'], a: 114, b: [], dump: [4, 0, 0, 0, 0, 0, 0, 0, 0, 0, 0, 0, 0, 0, 0, 0, 0, 0, 0, 0, 0, 0, 0, 0, 0, 0, 0, 0, 0, 0, 0, 0, 0, 0, 0, 0, 0, 0, 0, 0, 0, 0, 0, 0, 0, 0, 0, 0, 0, 0, 0], 
  DEBUG    root:machine.py:496 Tick: 71, PC: 30, Stack: [61, 0], Input: ['t', 'e', 'm'], Output: ['A', 'r'], a: 114, b: [], dump: [4, 0, 0, 0, 0, 0, 0, 0, 0, 0, 0, 0, 0, 0, 0, 0, 0, 0, 0, 0, 0, 0, 0, 0, 0, 0, 0, 0, 0, 0, 0, 0, 0, 0, 0, 0, 0, 0, 0, 0, 0, 0, 0, 0, 0, 0, 0, 0, 0, 0, 0], 
  DEBUG    root:machine.py:496 Tick: 74, PC: 34, Stack: [4, 0], Input: ['t', 'e', 'm'], Output: ['A', 'r'], a: 4, b: [], dump: [4, 0, 0, 0, 0, 0, 0, 0, 0, 0, 0, 0, 0, 0, 0, 0, 0, 0, 0, 0, 0, 0, 0, 0, 0, 0, 0, 0, 0, 0, 0, 0, 0, 0, 0, 0, 0, 0, 0, 0, 0, 0, 0, 0, 0, 0, 0, 0, 0, 0, 0], 
  DEBUG    root:machine.py:496 Tick: 76, PC: 35, Stack: [1, 4], Input: ['t', 'e', 'm'], Output: ['A', 'r'], a: 4, b: [], dump: [4, 0, 0, 0, 0, 0, 0, 0, 0, 0, 0, 0, 0, 0, 0, 0, 0, 0, 0, 0, 0, 0, 0, 0, 0, 0, 0, 0, 0, 0, 0, 0, 0, 0, 0, 0, 0, 0, 0, 0, 0, 0, 0, 0, 0, 0, 0, 0, 0, 0, 0], 
  DEBUG    root:machine.py:496 Tick: 78, PC: 52, Stack: [1, 4], Input: ['t', 'e', 'm'], Output: ['A', 'r'], a: 4, b: [38], dump: [4, 0, 0, 0, 0, 0, 0, 0, 0, 0, 0, 0, 0, 0, 0, 0, 0, 0, 0, 0, 0, 0, 0, 0, 0, 0, 0, 0, 0, 0, 0, 0, 0, 0, 0, 0, 0, 0, 0, 0, 0, 0, 0, 0, 0, 0, 0, 0, 0, 0, 0], 
  DEBUG    root:machine.py:496 Tick: 84, PC: 53, Stack: [4, 1], Input: ['t', 'e', 'm'], Output: ['A', 'r'], a: 4, b: [38], dump: [4, 0, 0, 0, 0, 0, 0, 0, 0, 0, 0, 0, 0, 0, 0, 0, 0, 0, 0, 0, 0, 0, 0, 0, 0, 0, 0, 0, 0, 0, 0, 0, 0, 0, 0, 0, 0, 0, 0, 0, 0, 0, 0, 0, 0, 0, 0, 0, 0, 0, 0], 
  DEBUG    root:machine.py:496 Tick: 87, PC: 54, Stack: [3, 0], Input: ['t', 'e', 'm'], Output: ['A', 'r'], a: 4, b: [38], dump: [4, 0, 0, 0, 0, 0, 0, 0, 0, 0, 0, 0, 0, 0, 0, 0, 0, 0, 0, 0, 0, 0, 0, 0, 0, 0, 0, 0, 0, 0, 0, 0, 0, 0, 0, 0, 0, 0, 0, 0, 0, 0, 0, 0, 0, 0, 0, 0, 0, 0, 0], 
  DEBUG    root:machine.py:496 Tick: 89, PC: 55, Stack: [61, 3], Input: ['t', 'e', 'm'], Output: ['A', 'r'], a: 4, b: [38], dump: [4, 0, 0, 0, 0, 0, 0, 0, 0, 0, 0, 0, 0, 0, 0, 0, 0, 0, 0, 0, 0, 0, 0, 0, 0, 0, 0, 0, 0, 0, 0, 0, 0, 0, 0, 0, 0, 0, 0, 0, 0, 0, 0, 0, 0, 0, 0, 0, 0, 0, 0], 
  DEBUG    root:machine.py:496 Tick: 95, PC: 59, Stack: [3, 61], Input: ['t', 'e', 'm'], Output: ['A', 'r'], a: 3, b: [38], dump: [4, 0, 0, 0, 0, 0, 0, 0, 0, 0, 0, 0, 0, 0, 0, 0, 0, 0, 0, 0, 0, 0, 0, 0, 0, 0, 0, 0, 0, 0, 0, 0, 0, 0, 0, 0, 0, 0, 0, 0, 0, 0, 0, 0, 0, 0, 0, 0, 0, 0, 0], 
  DEBUG    root:machine.py:496 Tick: 96, PC: 39, Stack: [3, 61], Input: ['t', 'e', 'm'], Output: ['A', 'r'], a: 38, b: [], dump: [4, 0, 0, 0, 0, 0, 0, 0, 0, 0, 0, 0, 0, 0, 0, 0, 0, 0, 0, 0, 0, 0, 0, 0, 0, 0, 0, 0, 0, 0, 0, 0, 0, 0, 0, 0, 0, 0, 0, 0, 0, 0, 0, 0, 0, 0, 0, 0, 0, 0, 0], 
  DEBUG    root:machine.py:496 Tick: 100, PC: 43, Stack: [3, 3], Input: ['t', 'e', 'm'], Output: ['A', 'r'], a: 3, b: [], dump: [4, 0, 0, 0, 0, 0, 0, 0, 0, 0, 0, 0, 0, 0, 0, 0, 0, 0, 0, 0, 0, 0, 0, 0, 0, 0, 0, 0, 0, 0, 0, 0, 0, 0, 0, 0, 0, 0, 0, 0, 0, 0, 0, 0, 0, 0, 0, 0, 0, 0, 0], 
  DEBUG    root:machine.py:496 Tick: 102, PC: 44, Stack: [3, 61], Input: ['t', 'e', 'm'], Output: ['A', 'r'], a: 3, b: [], dump: [4, 0, 0, 0, 0, 0, 0, 0, 0, 0, 0, 0, 0, 0, 0, 0, 0, 0, 0, 0, 0, 0, 0, 0, 0, 0, 0, 0, 0, 0, 0, 0, 0, 0, 0, 0, 0, 0, 0, 0, 0, 0, 0, 0, 0, 0, 0, 0, 0, 0, 0], 
  DEBUG    root:machine.py:496 Tick: 103, PC: 48, Stack: [0, 0], Input: ['t', 'e', 'm'], Output: ['A', 'r'], a: 3, b: [], dump: [3, 0, 0, 0, 0, 0, 0, 0, 0, 0, 0, 0, 0, 0, 0, 0, 0, 0, 0, 0, 0, 0, 0, 0, 0, 0, 0, 0, 0, 0, 0, 0, 0, 0, 0, 0, 0, 0, 0, 0, 0, 0, 0, 0, 0, 0, 0, 0, 0, 0, 0], 
  DEBUG    root:machine.py:496 Tick: 104, PC: 21, Stack: [0, 0], Input: ['t', 'e', 'm'], Output: ['A', 'r'], a: 3, b: [], dump: [3, 0, 0, 0, 0, 0, 0, 0, 0, 0, 0, 0, 0, 0, 0, 0, 0, 0, 0, 0, 0, 0, 0, 0, 0, 0, 0, 0, 0, 0, 0, 0, 0, 0, 0, 0, 0, 0, 0, 0, 0, 0, 0, 0, 0, 0, 0, 0, 0, 0, 0], 
  DEBUG    root:machine.py:496 Tick: 107, PC: 22, Stack: [116, 0], Input: ['e', 'm'], Output: ['A', 'r'], a: 116, b: [], dump: [3, 0, 0, 0, 0, 0, 0, 0, 0, 0, 0, 0, 0, 0, 0, 0, 0, 0, 0, 0, 0, 0, 0, 0, 0, 0, 0, 0, 0, 0, 0, 0, 0, 0, 0, 0, 0, 0, 0, 0, 0, 0, 0, 0, 0, 0, 0, 0, 0, 0, 0], 
  DEBUG    root:machine.py:496 Tick: 108, PC: 26, Stack: [0, 0], Input: ['e', 'm'], Output: ['A', 'r', 't'], a: 116, b: [], dump: [3, 0, 0, 0, 0, 0, 0, 0, 0, 0, 0, 0, 0, 0, 0, 0, 0, 0, 0, 0, 0, 0, 0, 0, 0, 0, 0, 0, 0, 0, 0, 0, 0, 0, 0, 0, 0, 0, 0, 0, 0, 0, 0, 0, 0, 0, 0, 0, 0, 0, 0], 
  DEBUG    root:machine.py:496 Tick: 110, PC: 30, Stack: [61, 0], Input: ['e', 'm'], Output: ['A', 'r', 't'], a: 116, b: [], dump: [3, 0, 0, 0, 0, 0, 0, 0, 0, 0, 0, 0, 0, 0, 0, 0, 0, 0, 0, 0, 0, 0, 0, 0, 0, 0, 0, 0, 0, 0, 0, 0, 0, 0, 0, 0, 0, 0, 0, 0, 0, 0, 0, 0, 0, 0, 0, 0, 0, 0, 0], 
  DEBUG    root:machine.py:496 Tick: 113, PC: 34, Stack: [3, 0], Input: ['e', 'm'], Output: ['A', 'r', 't'], a: 3, b: [], dump: [3, 0, 0, 0, 0, 0, 0, 0, 0, 0, 0, 0, 0, 0, 0, 0, 0, 0, 0, 0, 0, 0, 0, 0, 0, 0, 0, 0, 0, 0, 0, 0, 0, 0, 0, 0, 0, 0, 0, 0, 0, 0, 0, 0, 0, 0, 0, 0, 0, 0, 0], 
  DEBUG    root:machine.py:496 Tick: 115, PC: 35, Stack: [1, 3], Input: ['e', 'm'], Output: ['A', 'r', 't'], a: 3, b: [], dump: [3, 0, 0, 0, 0, 0, 0, 0, 0, 0, 0, 0, 0, 0, 0, 0, 0, 0, 0, 0, 0, 0, 0, 0, 0, 0, 0, 0, 0, 0, 0, 0, 0, 0, 0, 0, 0, 0, 0, 0, 0, 0, 0, 0, 0, 0, 0, 0, 0, 0, 0], 
  DEBUG    root:machine.py:496 Tick: 117, PC: 52, Stack: [1, 3], Input: ['e', 'm'], Output: ['A', 'r', 't'], a: 3, b: [38], dump: [3, 0, 0, 0, 0, 0, 0, 0, 0, 0, 0, 0, 0, 0, 0, 0, 0, 0, 0, 0, 0, 0, 0, 0, 0, 0, 0, 0, 0, 0, 0, 0, 0, 0, 0, 0, 0, 0, 0, 0, 0, 0, 0, 0, 0, 0, 0, 0, 0, 0, 0], 
  DEBUG    root:machine.py:496 Tick: 123, PC: 53, Stack: [3, 1], Input: ['e', 'm'], Output: ['A', 'r', 't'], a: 3, b: [38], dump: [3, 0, 0, 0, 0, 0, 0, 0, 0, 0, 0, 0, 0, 0, 0, 0, 0, 0, 0, 0, 0, 0, 0, 0, 0, 0, 0, 0, 0, 0, 0, 0, 0, 0, 0, 0, 0, 0, 0, 0, 0, 0, 0, 0, 0, 0, 0, 0, 0, 0, 0], 
  DEBUG    root:machine.py:496 Tick: 126, PC: 54, Stack: [2, 0], Input: ['e', 'm'], Output: ['A', 'r', 't'], a: 3, b: [38], dump: [3, 0, 0, 0, 0, 0, 0, 0, 0, 0, 0, 0, 0, 0, 0, 0, 0, 0, 0, 0, 0, 0, 0, 0, 0, 0, 0, 0, 0, 0, 0, 0, 0, 0, 0, 0, 0, 0, 0, 0, 0, 0, 0, 0, 0, 0, 0, 0, 0, 0, 0], 
  DEBUG    root:machine.py:496 Tick: 128, PC: 55, Stack: [61, 2], Input: ['e', 'm'], Output: ['A', 'r', 't'], a: 3, b: [38], dump: [3, 0, 0, 0, 0, 0, 0, 0, 0, 0, 0, 0, 0, 0, 0, 0, 0, 0, 0, 0, 0, 0, 0, 0, 0, 0, 0, 0, 0, 0, 0, 0, 0, 0, 0, 0, 0, 0, 0, 0, 0, 0, 0, 0, 0, 0, 0, 0, 0, 0, 0], 
  DEBUG    root:machine.py:496 Tick: 134, PC: 59, Stack: [2, 61], Input: ['e', 'm'], Output: ['A', 'r', 't'], a: 2, b: [38], dump: [3, 0, 0, 0, 0, 0, 0, 0, 0, 0, 0, 0, 0, 0, 0, 0, 0, 0, 0, 0, 0, 0, 0, 0, 0, 0, 0, 0, 0, 0, 0, 0, 0, 0, 0, 0, 0, 0, 0, 0, 0, 0, 0, 0, 0, 0, 0, 0, 0, 0, 0], 
  DEBUG    root:machine.py:496 Tick: 135, PC: 39, Stack: [2, 61], Input: ['e', 'm'], Output: ['A', 'r', 't'], a: 38, b: [], dump: [3, 0, 0, 0, 0, 0, 0, 0, 0, 0, 0, 0, 0, 0, 0, 0, 0, 0, 0, 0, 0, 0, 0, 0, 0, 0, 0, 0, 0, 0, 0, 0, 0, 0, 0, 0, 0, 0, 0, 0, 0, 0, 0, 0, 0, 0, 0, 0, 0, 0, 0], 
  DEBUG    root:machine.py:496 Tick: 139, PC: 43, Stack: [2, 2], Input: ['e', 'm'], Output: ['A', 'r', 't'], a: 2, b: [], dump: [3, 0, 0, 0, 0, 0, 0, 0, 0, 0, 0, 0, 0, 0, 0, 0, 0, 0, 0, 0, 0, 0, 0, 0, 0, 0, 0, 0, 0, 0, 0, 0, 0, 0, 0, 0, 0, 0, 0, 0, 0, 0, 0, 0, 0, 0, 0, 0, 0, 0, 0], 
  DEBUG    root:machine.py:496 Tick: 141, PC: 44, Stack: [2, 61], Input: ['e', 'm'], Output: ['A', 'r', 't'], a: 2, b: [], dump: [3, 0, 0, 0, 0, 0, 0, 0, 0, 0, 0, 0, 0, 0, 0, 0, 0, 0, 0, 0, 0, 0, 0, 0, 0, 0, 0, 0, 0, 0, 0, 0, 0, 0, 0, 0, 0, 0, 0, 0, 0, 0, 0, 0, 0, 0, 0, 0, 0, 0, 0], 
  DEBUG    root:machine.py:496 Tick: 142, PC: 48, Stack: [0, 0], Input: ['e', 'm'], Output: ['A', 'r', 't'], a: 2, b: [], dump: [2, 0, 0, 0, 0, 0, 0, 0, 0, 0, 0, 0, 0, 0, 0, 0, 0, 0, 0, 0, 0, 0, 0, 0, 0, 0, 0, 0, 0, 0, 0, 0, 0, 0, 0, 0, 0, 0, 0, 0, 0, 0, 0, 0, 0, 0, 0, 0, 0, 0, 0], 
  DEBUG    root:machine.py:496 Tick: 143, PC: 21, Stack: [0, 0], Input: ['e', 'm'], Output: ['A', 'r', 't'], a: 2, b: [], dump: [2, 0, 0, 0, 0, 0, 0, 0, 0, 0, 0, 0, 0, 0, 0, 0, 0, 0, 0, 0, 0, 0, 0, 0, 0, 0, 0, 0, 0, 0, 0, 0, 0, 0, 0, 0, 0, 0, 0, 0, 0, 0, 0, 0, 0, 0, 0, 0, 0, 0, 0], 
  DEBUG    root:machine.py:496 Tick: 146, PC: 22, Stack: [101, 0], Input: ['m'], Output: ['A', 'r', 't'], a: 101, b: [], dump: [2, 0, 0, 0, 0, 0, 0, 0, 0, 0, 0, 0, 0, 0, 0, 0, 0, 0, 0, 0, 0, 0, 0, 0, 0, 0, 0, 0, 0, 0, 0, 0, 0, 0, 0, 0, 0, 0, 0, 0, 0, 0, 0, 0, 0, 0, 0, 0, 0, 0, 0], 
  DEBUG    root:machine.py:496 Tick: 147, PC: 26, Stack: [0, 0], Input: ['m'], Output: ['A', 'r', 't', 'e'], a: 101, b: [], dump: [2, 0, 0, 0, 0, 0, 0, 0, 0, 0, 0, 0, 0, 0, 0, 0, 0, 0, 0, 0, 0, 0, 0, 0, 0, 0, 0, 0, 0, 0, 0, 0, 0, 0, 0, 0, 0, 0, 0, 0, 0, 0, 0, 0, 0, 0, 0, 0, 0, 0, 0], 
  DEBUG    root:machine.py:496 Tick: 149, PC: 30, Stack: [61, 0], Input: ['m'], Output: ['A', 'r', 't', 'e'], a: 101, b: [], dump: [2, 0, 0, 0, 0, 0, 0, 0, 0, 0, 0, 0, 0, 0, 0, 0, 0, 0, 0, 0, 0, 0, 0, 0, 0, 0, 0, 0, 0, 0, 0, 0, 0, 0, 0, 0, 0, 0, 0, 0, 0, 0, 0, 0, 0, 0, 0, 0, 0, 0, 0], 
  DEBUG    root:machine.py:496 Tick: 152, PC: 34, Stack: [2, 0], Input: ['m'], Output: ['A', 'r', 't', 'e'], a: 2, b: [], dump: [2, 0, 0, 0, 0, 0, 0, 0, 0, 0, 0, 0, 0, 0, 0, 0, 0, 0, 0, 0, 0, 0, 0, 0, 0, 0, 0, 0, 0, 0, 0, 0, 0, 0, 0, 0, 0, 0, 0, 0, 0, 0, 0, 0, 0, 0, 0, 0, 0, 0, 0], 
  DEBUG    root:machine.py:496 Tick: 154, PC: 35, Stack: [1, 2], Input: ['m'], Output: ['A', 'r', 't', 'e'], a: 2, b: [], dump: [2, 0, 0, 0, 0, 0, 0, 0, 0, 0, 0, 0, 0, 0, 0, 0, 0, 0, 0, 0, 0, 0, 0, 0, 0, 0, 0, 0, 0, 0, 0, 0, 0, 0, 0, 0, 0, 0, 0, 0, 0, 0, 0, 0, 0, 0, 0, 0, 0, 0, 0], 
  DEBUG    root:machine.py:496 Tick: 156, PC: 52, Stack: [1, 2], Input: ['m'], Output: ['A', 'r', 't', 'e'], a: 2, b: [38], dump: [2, 0, 0, 0, 0, 0, 0, 0, 0, 0, 0, 0, 0, 0, 0, 0, 0, 0, 0, 0, 0, 0, 0, 0, 0, 0, 0, 0, 0, 0, 0, 0, 0, 0, 0, 0, 0, 0, 0, 0, 0, 0, 0, 0, 0, 0, 0, 0, 0, 0, 0], 
  DEBUG    root:machine.py:496 Tick: 162, PC: 53, Stack: [2, 1], Input: ['m'], Output: ['A', 'r', 't', 'e'], a: 2, b: [38], dump: [2, 0, 0, 0, 0, 0, 0, 0, 0, 0, 0, 0, 0, 0, 0, 0, 0, 0, 0, 0, 0, 0, 0, 0, 0, 0, 0, 0, 0, 0, 0, 0, 0, 0, 0, 0, 0, 0, 0, 0, 0, 0, 0, 0, 0, 0, 0, 0, 0, 0, 0], 
  DEBUG    root:machine.py:496 Tick: 165, PC: 54, Stack: [1, 0], Input: ['m'], Output: ['A', 'r', 't', 'e'], a: 2, b: [38], dump: [2, 0, 0, 0, 0, 0, 0, 0, 0, 0, 0, 0, 0, 0, 0, 0, 0, 0, 0, 0, 0, 0, 0, 0, 0, 0, 0, 0, 0, 0, 0, 0, 0, 0, 0, 0, 0, 0, 0, 0, 0, 0, 0, 0, 0, 0, 0, 0, 0, 0, 0], 
  DEBUG    root:machine.py:496 Tick: 167, PC: 55, Stack: [61, 1], Input: ['m'], Output: ['A', 'r', 't', 'e'], a: 2, b: [38], dump: [2, 0, 0, 0, 0, 0, 0, 0, 0, 0, 0, 0, 0, 0, 0, 0, 0, 0, 0, 0, 0, 0, 0, 0, 0, 0, 0, 0, 0, 0, 0, 0, 0, 0, 0, 0, 0, 0, 0, 0, 0, 0, 0, 0, 0, 0, 0, 0, 0, 0, 0], 
  DEBUG    root:machine.py:496 Tick: 173, PC: 59, Stack: [1, 61], Input: ['m'], Output: ['A', 'r', 't', 'e'], a: 1, b: [38], dump: [2, 0, 0, 0, 0, 0, 0, 0, 0, 0, 0, 0, 0, 0, 0, 0, 0, 0, 0, 0, 0, 0, 0, 0, 0, 0, 0, 0, 0, 0, 0, 0, 0, 0, 0, 0, 0, 0, 0, 0, 0, 0, 0, 0, 0, 0, 0, 0, 0, 0, 0], 
  DEBUG    root:machine.py:496 Tick: 174, PC: 39, Stack: [1, 61], Input: ['m'], Output: ['A', 'r', 't', 'e'], a: 38, b: [], dump: [2, 0, 0, 0, 0, 0, 0, 0, 0, 0, 0, 0, 0, 0, 0, 0, 0, 0, 0, 0, 0, 0, 0, 0, 0, 0, 0, 0, 0, 0, 0, 0, 0, 0, 0, 0, 0, 0, 0, 0, 0, 0, 0, 0, 0, 0, 0, 0, 0, 0, 0], 
  DEBUG    root:machine.py:496 Tick: 178, PC: 43, Stack: [1, 1], Input: ['m'], Output: ['A', 'r', 't', 'e'], a: 1, b: [], dump: [2, 0, 0, 0, 0, 0, 0, 0, 0, 0, 0, 0, 0, 0, 0, 0, 0, 0, 0, 0, 0, 0, 0, 0, 0, 0, 0, 0, 0, 0, 0, 0, 0, 0, 0, 0, 0, 0, 0, 0, 0, 0, 0, 0, 0, 0, 0, 0, 0, 0, 0], 
  DEBUG    root:machine.py:496 Tick: 180, PC: 44, Stack: [1, 61], Input: ['m'], Output: ['A', 'r', 't', 'e'], a: 1, b: [], dump: [2, 0, 0, 0, 0, 0, 0, 0, 0, 0, 0, 0, 0, 0, 0, 0, 0, 0, 0, 0, 0, 0, 0, 0, 0, 0, 0, 0, 0, 0, 0, 0, 0, 0, 0, 0, 0, 0, 0, 0, 0, 0, 0, 0, 0, 0, 0, 0, 0, 0, 0], 
  DEBUG    root:machine.py:496 Tick: 181, PC: 48, Stack: [0, 0], Input: ['m'], Output: ['A', 'r', 't', 'e'], a: 1, b: [], dump: [1, 0, 0, 0, 0, 0, 0, 0, 0, 0, 0, 0, 0, 0, 0, 0, 0, 0, 0, 0, 0, 0, 0, 0, 0, 0, 0, 0, 0, 0, 0, 0, 0, 0, 0, 0, 0, 0, 0, 0, 0, 0, 0, 0, 0, 0, 0, 0, 0, 0, 0], 
  DEBUG    root:machine.py:496 Tick: 182, PC: 21, Stack: [0, 0], Input: ['m'], Output: ['A', 'r', 't', 'e'], a: 1, b: [], dump: [1, 0, 0, 0, 0, 0, 0, 0, 0, 0, 0, 0, 0, 0, 0, 0, 0, 0, 0, 0, 0, 0, 0, 0, 0, 0, 0, 0, 0, 0, 0, 0, 0, 0, 0, 0, 0, 0, 0, 0, 0, 0, 0, 0, 0, 0, 0, 0, 0, 0, 0], 
  DEBUG    root:machine.py:496 Tick: 185, PC: 22, Stack: [109, 0], Input: [], Output: ['A', 'r', 't', 'e'], a: 109, b: [], dump: [1, 0, 0, 0, 0, 0, 0, 0, 0, 0, 0, 0, 0, 0, 0, 0, 0, 0, 0, 0, 0, 0, 0, 0, 0, 0, 0, 0, 0, 0, 0, 0, 0, 0, 0, 0, 0, 0, 0, 0, 0, 0, 0, 0, 0, 0, 0, 0, 0, 0, 0], 
  DEBUG    root:machine.py:496 Tick: 186, PC: 26, Stack: [0, 0], Input: [], Output: ['A', 'r', 't', 'e', 'm'], a: 109, b: [], dump: [1, 0, 0, 0, 0, 0, 0, 0, 0, 0, 0, 0, 0, 0, 0, 0, 0, 0, 0, 0, 0, 0, 0, 0, 0, 0, 0, 0, 0, 0, 0, 0, 0, 0, 0, 0, 0, 0, 0, 0, 0, 0, 0, 0, 0, 0, 0, 0, 0, 0, 0], 
  DEBUG    root:machine.py:496 Tick: 188, PC: 30, Stack: [61, 0], Input: [], Output: ['A', 'r', 't', 'e', 'm'], a: 109, b: [], dump: [1, 0, 0, 0, 0, 0, 0, 0, 0, 0, 0, 0, 0, 0, 0, 0, 0, 0, 0, 0, 0, 0, 0, 0, 0, 0, 0, 0, 0, 0, 0, 0, 0, 0, 0, 0, 0, 0, 0, 0, 0, 0, 0, 0, 0, 0, 0, 0, 0, 0, 0], 
  DEBUG    root:machine.py:496 Tick: 191, PC: 34, Stack: [1, 0], Input: [], Output: ['A', 'r', 't', 'e', 'm'], a: 1, b: [], dump: [1, 0, 0, 0, 0, 0, 0, 0, 0, 0, 0, 0, 0, 0, 0, 0, 0, 0, 0, 0, 0, 0, 0, 0, 0, 0, 0, 0, 0, 0, 0, 0, 0, 0, 0, 0, 0, 0, 0, 0, 0, 0, 0, 0, 0, 0, 0, 0, 0, 0, 0], 
  DEBUG    root:machine.py:496 Tick: 193, PC: 35, Stack: [1, 1], Input: [], Output: ['A', 'r', 't', 'e', 'm'], a: 1, b: [], dump: [1, 0, 0, 0, 0, 0, 0, 0, 0, 0, 0, 0, 0, 0, 0, 0, 0, 0, 0, 0, 0, 0, 0, 0, 0, 0, 0, 0, 0, 0, 0, 0, 0, 0, 0, 0, 0, 0, 0, 0, 0, 0, 0, 0, 0, 0, 0, 0, 0, 0, 0], 
  DEBUG    root:machine.py:496 Tick: 195, PC: 52, Stack: [1, 1], Input: [], Output: ['A', 'r', 't', 'e', 'm'], a: 1, b: [38], dump: [1, 0, 0, 0, 0, 0, 0, 0, 0, 0, 0, 0, 0, 0, 0, 0, 0, 0, 0, 0, 0, 0, 0, 0, 0, 0, 0, 0, 0, 0, 0, 0, 0, 0, 0, 0, 0, 0, 0, 0, 0, 0, 0, 0, 0, 0, 0, 0, 0, 0, 0], 
  DEBUG    root:machine.py:496 Tick: 201, PC: 53, Stack: [1, 1], Input: [], Output: ['A', 'r', 't', 'e', 'm'], a: 1, b: [38], dump: [1, 0, 0, 0, 0, 0, 0, 0, 0, 0, 0, 0, 0, 0, 0, 0, 0, 0, 0, 0, 0, 0, 0, 0, 0, 0, 0, 0, 0, 0, 0, 0, 0, 0, 0, 0, 0, 0, 0, 0, 0, 0, 0, 0, 0, 0, 0, 0, 0, 0, 0], 
  DEBUG    root:machine.py:496 Tick: 204, PC: 54, Stack: [0, 0], Input: [], Output: ['A', 'r', 't', 'e', 'm'], a: 1, b: [38], dump: [1, 0, 0, 0, 0, 0, 0, 0, 0, 0, 0, 0, 0, 0, 0, 0, 0, 0, 0, 0, 0, 0, 0, 0, 0, 0, 0, 0, 0, 0, 0, 0, 0, 0, 0, 0, 0, 0, 0, 0, 0, 0, 0, 0, 0, 0, 0, 0, 0, 0, 0], 
  DEBUG    root:machine.py:496 Tick: 206, PC: 55, Stack: [61, 0], Input: [], Output: ['A', 'r', 't', 'e', 'm'], a: 1, b: [38], dump: [1, 0, 0, 0, 0, 0, 0, 0, 0, 0, 0, 0, 0, 0, 0, 0, 0, 0, 0, 0, 0, 0, 0, 0, 0, 0, 0, 0, 0, 0, 0, 0, 0, 0, 0, 0, 0, 0, 0, 0, 0, 0, 0, 0, 0, 0, 0, 0, 0, 0, 0], 
  DEBUG    root:machine.py:496 Tick: 212, PC: 59, Stack: [0, 61], Input: [], Output: ['A', 'r', 't', 'e', 'm'], a: 0, b: [38], dump: [1, 0, 0, 0, 0, 0, 0, 0, 0, 0, 0, 0, 0, 0, 0, 0, 0, 0, 0, 0, 0, 0, 0, 0, 0, 0, 0, 0, 0, 0, 0, 0, 0, 0, 0, 0, 0, 0, 0, 0, 0, 0, 0, 0, 0, 0, 0, 0, 0, 0, 0], 
  DEBUG    root:machine.py:496 Tick: 213, PC: 39, Stack: [0, 61], Input: [], Output: ['A', 'r', 't', 'e', 'm'], a: 38, b: [], dump: [1, 0, 0, 0, 0, 0, 0, 0, 0, 0, 0, 0, 0, 0, 0, 0, 0, 0, 0, 0, 0, 0, 0, 0, 0, 0, 0, 0, 0, 0, 0, 0, 0, 0, 0, 0, 0, 0, 0, 0, 0, 0, 0, 0, 0, 0, 0, 0, 0, 0, 0], 
  DEBUG    root:machine.py:496 Tick: 217, PC: 43, Stack: [0, 0], Input: [], Output: ['A', 'r', 't', 'e', 'm'], a: 0, b: [], dump: [1, 0, 0, 0, 0, 0, 0, 0, 0, 0, 0, 0, 0, 0, 0, 0, 0, 0, 0, 0, 0, 0, 0, 0, 0, 0, 0, 0, 0, 0, 0, 0, 0, 0, 0, 0, 0, 0, 0, 0, 0, 0, 0, 0, 0, 0, 0, 0, 0, 0, 0], 
  DEBUG    root:machine.py:496 Tick: 219, PC: 60, Stack: [0, 61], Input: [], Output: ['A', 'r', 't', 'e', 'm'], a: 0, b: [], dump: [1, 0, 0, 0, 0, 0, 0, 0, 0, 0, 0, 0, 0, 0, 0, 0, 0, 0, 0, 0, 0, 0, 0, 0, 0, 0, 0, 0, 0, 0, 0, 0, 0, 0, 0, 0, 0, 0, 0, 0, 0, 0, 0, 0, 0, 0, 0, 0, 0, 0, 0], 
  DEBUG    root:machine.py:496 Tick: 220, PC: 60, Stack: [0, 61], Input: [], Output: ['A', 'r', 't', 'e', 'm'], a: 0, b: [], dump: [1, 0, 0, 0, 0, 0, 0, 0, 0, 0, 0, 0, 0, 0, 0, 0, 0, 0, 0, 0, 0, 0, 0, 0, 0, 0, 0, 0, 0, 0, 0, 0, 0, 0, 0, 0, 0, 0, 0, 0, 0, 0, 0, 0, 0, 0, 0, 0, 0, 0, 0], 
  EOF
