in_code: |-
  _start:
    in 0
    dup
    if name
    lit 48
    call rep
    !
    call hello
  while:
      in 0
      out 2
      lit 5
      @
      lit 1
      call rep
      dup
      if end
      !
      jump while
  rep:
      swap
      -
      lit 5
      swap
      ret
  end:
      lit 33
      out 2
      halt
  hello:
      lit 72
      out 2
      lit 101
      out 2
      lit 108
      out 2
      lit 108
      out 2
      lit 111
      out 2
      lit 44
      out 2
      lit 32
      out 2
      ret
  name:
      lit 87
      out 2
      lit 104
      out 2
      lit 97
      out 2
      lit 116
      out 2
      lit 32
      out 2
      lit 105
      out 2
      lit 115
      out 2
      lit 32
      out 2
      lit 121
      out 2
      lit 111
      out 2
      lit 117
      out 2
      lit 114
      out 2
      lit 32
      out 2
      lit 110
      out 2
      lit 97
      out 2
      lit 109
      out 2
      lit 101
      out 2
      lit 63
      out 2
      halt
in_stdin: |-
  5Artem
out_code_hex: |-
  0 - 1300 - in 0
  1 - 01 - dup
  2 - 1028 - if 40
  3 - 1530 - lit 48
  4 - 1811 - call 17
  5 - 11 - !
  6 - 1819 - call 25
  7 - 1300 - in 0
  8 - 1602 - out 2
  9 - 1505 - lit 5
  10 - 12 - @
  11 - 1501 - lit 1
  12 - 1811 - call 17
  13 - 01 - dup
  14 - 1016 - if 22
  15 - 11 - !
  16 - 1707 - jump 7
  17 - 02 - swap
  18 - 04 - -
  19 - 1505 - lit 5
  20 - 02 - swap
  21 - 19 - ret
  22 - 1521 - lit 33
  23 - 1602 - out 2
  24 - 14 - halt
  25 - 1548 - lit 72
  26 - 1602 - out 2
  27 - 1565 - lit 101
  28 - 1602 - out 2
  29 - 156C - lit 108
  30 - 1602 - out 2
  31 - 156C - lit 108
  32 - 1602 - out 2
  33 - 156F - lit 111
  34 - 1602 - out 2
  35 - 152C - lit 44
  36 - 1602 - out 2
  37 - 1520 - lit 32
  38 - 1602 - out 2
  39 - 19 - ret
  40 - 1557 - lit 87
  41 - 1602 - out 2
  42 - 1568 - lit 104
  43 - 1602 - out 2
  44 - 1561 - lit 97
  45 - 1602 - out 2
  46 - 1574 - lit 116
  47 - 1602 - out 2
  48 - 1520 - lit 32
  49 - 1602 - out 2
  50 - 1569 - lit 105
  51 - 1602 - out 2
  52 - 1573 - lit 115
  53 - 1602 - out 2
  54 - 1520 - lit 32
  55 - 1602 - out 2
  56 - 1579 - lit 121
  57 - 1602 - out 2
  58 - 156F - lit 111
  59 - 1602 - out 2
  60 - 1575 - lit 117
  61 - 1602 - out 2
  62 - 1572 - lit 114
  63 - 1602 - out 2
  64 - 1520 - lit 32
  65 - 1602 - out 2
  66 - 156E - lit 110
  67 - 1602 - out 2
  68 - 1561 - lit 97
  69 - 1602 - out 2
  70 - 156D - lit 109
  71 - 1602 - out 2
  72 - 1565 - lit 101
  73 - 1602 - out 2
  74 - 153F - lit 63
  75 - 1602 - out 2
  76 - 14 - halt
out_stdout: |2

  Машинный код
  0 - 1300 - in 0
  1 - 01 - dup
  2 - 1028 - if 40
  3 - 1530 - lit 48
  4 - 1811 - call 17
  5 - 11 - !
  6 - 1819 - call 25
  7 - 1300 - in 0
  8 - 1602 - out 2
  9 - 1505 - lit 5
  10 - 12 - @
  11 - 1501 - lit 1
  12 - 1811 - call 17
  13 - 01 - dup
  14 - 1016 - if 22
  15 - 11 - !
  16 - 1707 - jump 7
  17 - 02 - swap
  18 - 04 - -
  19 - 1505 - lit 5
  20 - 02 - swap
  21 - 19 - ret
  22 - 1521 - lit 33
  23 - 1602 - out 2
  24 - 14 - halt
  25 - 1548 - lit 72
  26 - 1602 - out 2
  27 - 1565 - lit 101
  28 - 1602 - out 2
  29 - 156C - lit 108
  30 - 1602 - out 2
  31 - 156C - lit 108
  32 - 1602 - out 2
  33 - 156F - lit 111
  34 - 1602 - out 2
  35 - 152C - lit 44
  36 - 1602 - out 2
  37 - 1520 - lit 32
  38 - 1602 - out 2
  39 - 19 - ret
  40 - 1557 - lit 87
  41 - 1602 - out 2
  42 - 1568 - lit 104
  43 - 1602 - out 2
  44 - 1561 - lit 97
  45 - 1602 - out 2
  46 - 1574 - lit 116
  47 - 1602 - out 2
  48 - 1520 - lit 32
  49 - 1602 - out 2
  50 - 1569 - lit 105
  51 - 1602 - out 2
  52 - 1573 - lit 115
  53 - 1602 - out 2
  54 - 1520 - lit 32
  55 - 1602 - out 2
  56 - 1579 - lit 121
  57 - 1602 - out 2
  58 - 156F - lit 111
  59 - 1602 - out 2
  60 - 1575 - lit 117
  61 - 1602 - out 2
  62 - 1572 - lit 114
  63 - 1602 - out 2
  64 - 1520 - lit 32
  65 - 1602 - out 2
  66 - 156E - lit 110
  67 - 1602 - out 2
  68 - 1561 - lit 97
  69 - 1602 - out 2
  70 - 156D - lit 109
  71 - 1602 - out 2
  72 - 1565 - lit 101
  73 - 1602 - out 2
  74 - 153F - lit 63
  75 - 1602 - out 2
  76 - 14 - halt

  source LoC: 83 code instr: 77
  ============================================================
  [tick 0] KEY
  Read char '5' (code 53)
  [tick 1] TOS -> FIRST_STACK
  [tick 2] DUP
  [tick 3] TOS -> FIRST_STACK
  [tick 4] A -> TOS
  [tick 5] TOS -> FIRST_STACK
  [tick 6] IF - проверка условия
  [tick 6] FIRST_STACK -> TOS
  tos: 53
  [tick 7] IF - переход не требуется (не ноль)
  [tick 8] LIT - подготовка
  [tick 9] LIT - загрузка значения 48
  [tick 9] TOS -> STACK
  [tick 10] COMEBACK ADR
  [tick 11] JUMP
  Jump to 17
  [tick 12] SWAP
  [tick 12] FIRST_STACK -> TOS
  [tick 14] FIRST_STACK -> A
  [tick 15] TOS -> FIRST_STACK
  [tick 16] A -> TOS
  [tick 17] TOS -> FIRST_STACK
  [tick 18] SUB
  [tick 18] FIRST_STACK -> TOS
  [tick 19] TOS -> FIRST_STACK
  [tick 20] LIT - подготовка
  [tick 21] LIT - загрузка значения 5
  [tick 21] TOS -> STACK
  [tick 22] SWAP
  [tick 22] FIRST_STACK -> TOS
  [tick 24] FIRST_STACK -> A
  [tick 25] TOS -> FIRST_STACK
  [tick 26] A -> TOS
  [tick 27] TOS -> FIRST_STACK
  [tick 29] STORE
  [tick 30] COMEBACK ADR
  [tick 31] JUMP
  Jump to 25
  [tick 32] LIT - подготовка
  [tick 33] LIT - загрузка значения 72
  [tick 33] TOS -> STACK
  [tick 34] EMIT
  Output char 'H'
  [tick 35] LIT - подготовка
  [tick 36] LIT - загрузка значения 101
  [tick 36] TOS -> STACK
  [tick 37] EMIT
  Output char 'e'
  [tick 38] LIT - подготовка
  [tick 39] LIT - загрузка значения 108
  [tick 39] TOS -> STACK
  [tick 40] EMIT
  Output char 'l'
  [tick 41] LIT - подготовка
  [tick 42] LIT - загрузка значения 108
  [tick 42] TOS -> STACK
  [tick 43] EMIT
  Output char 'l'
  [tick 44] LIT - подготовка
  [tick 45] LIT - загрузка значения 111
  [tick 45] TOS -> STACK
  [tick 46] EMIT
  Output char 'o'
  [tick 47] LIT - подготовка
  [tick 48] LIT - загрузка значения 44
  [tick 48] TOS -> STACK
  [tick 49] EMIT
  Output char ','
  [tick 50] LIT - подготовка
  [tick 51] LIT - загрузка значения 32
  [tick 51] TOS -> STACK
  [tick 52] EMIT
  Output char ' '
  [tick 54] KEY
  Read char 'A' (code 65)
  [tick 55] TOS -> FIRST_STACK
  [tick 56] EMIT
  Output char 'A'
  [tick 57] LIT - подготовка
  [tick 58] LIT - загрузка значения 5
  [tick 58] TOS -> STACK
  [tick 59] FETCH
  [tick 60] TOS -> FIRST_STACK
  [tick 61] LIT - подготовка
  [tick 62] LIT - загрузка значения 1
  [tick 62] TOS -> STACK
  [tick 63] COMEBACK ADR
  [tick 64] JUMP
  Jump to 17
  [tick 65] SWAP
  [tick 65] FIRST_STACK -> TOS
  [tick 67] FIRST_STACK -> A
  [tick 68] TOS -> FIRST_STACK
  [tick 69] A -> TOS
  [tick 70] TOS -> FIRST_STACK
  [tick 71] SUB
  [tick 71] FIRST_STACK -> TOS
  [tick 72] TOS -> FIRST_STACK
  [tick 73] LIT - подготовка
  [tick 74] LIT - загрузка значения 5
  [tick 74] TOS -> STACK
  [tick 75] SWAP
  [tick 75] FIRST_STACK -> TOS
  [tick 77] FIRST_STACK -> A
  [tick 78] TOS -> FIRST_STACK
  [tick 79] A -> TOS
  [tick 80] TOS -> FIRST_STACK
  [tick 82] DUP
  [tick 83] TOS -> FIRST_STACK
  [tick 84] A -> TOS
  [tick 85] TOS -> FIRST_STACK
  [tick 86] IF - проверка условия
  [tick 86] FIRST_STACK -> TOS
  tos: 4
  [tick 87] IF - переход не требуется (не ноль)
  [tick 88] STORE
  [tick 89] JUMP
  Jump to 7
  [tick 90] KEY
  Read char 'r' (code 114)
  [tick 91] TOS -> FIRST_STACK
  [tick 92] EMIT
  Output char 'r'
  [tick 93] LIT - подготовка
  [tick 94] LIT - загрузка значения 5
  [tick 94] TOS -> STACK
  [tick 95] FETCH
  [tick 96] TOS -> FIRST_STACK
  [tick 97] LIT - подготовка
  [tick 98] LIT - загрузка значения 1
  [tick 98] TOS -> STACK
  [tick 99] COMEBACK ADR
  [tick 100] JUMP
  Jump to 17
  [tick 101] SWAP
  [tick 101] FIRST_STACK -> TOS
  [tick 103] FIRST_STACK -> A
  [tick 104] TOS -> FIRST_STACK
  [tick 105] A -> TOS
  [tick 106] TOS -> FIRST_STACK
  [tick 107] SUB
  [tick 107] FIRST_STACK -> TOS
  [tick 108] TOS -> FIRST_STACK
  [tick 109] LIT - подготовка
  [tick 110] LIT - загрузка значения 5
  [tick 110] TOS -> STACK
  [tick 111] SWAP
  [tick 111] FIRST_STACK -> TOS
  [tick 113] FIRST_STACK -> A
  [tick 114] TOS -> FIRST_STACK
  [tick 115] A -> TOS
  [tick 116] TOS -> FIRST_STACK
  [tick 118] DUP
  [tick 119] TOS -> FIRST_STACK
  [tick 120] A -> TOS
  [tick 121] TOS -> FIRST_STACK
  [tick 122] IF - проверка условия
  [tick 122] FIRST_STACK -> TOS
  tos: 3
  [tick 123] IF - переход не требуется (не ноль)
  [tick 124] STORE
  [tick 125] JUMP
  Jump to 7
  [tick 126] KEY
  Read char 't' (code 116)
  [tick 127] TOS -> FIRST_STACK
  [tick 128] EMIT
  Output char 't'
  [tick 129] LIT - подготовка
  [tick 130] LIT - загрузка значения 5
  [tick 130] TOS -> STACK
  [tick 131] FETCH
  [tick 132] TOS -> FIRST_STACK
  [tick 133] LIT - подготовка
  [tick 134] LIT - загрузка значения 1
  [tick 134] TOS -> STACK
  [tick 135] COMEBACK ADR
  [tick 136] JUMP
  Jump to 17
  [tick 137] SWAP
  [tick 137] FIRST_STACK -> TOS
  [tick 139] FIRST_STACK -> A
  [tick 140] TOS -> FIRST_STACK
  [tick 141] A -> TOS
  [tick 142] TOS -> FIRST_STACK
  [tick 143] SUB
  [tick 143] FIRST_STACK -> TOS
  [tick 144] TOS -> FIRST_STACK
  [tick 145] LIT - подготовка
  [tick 146] LIT - загрузка значения 5
  [tick 146] TOS -> STACK
  [tick 147] SWAP
  [tick 147] FIRST_STACK -> TOS
  [tick 149] FIRST_STACK -> A
  [tick 150] TOS -> FIRST_STACK
  [tick 151] A -> TOS
  [tick 152] TOS -> FIRST_STACK
  [tick 154] DUP
  [tick 155] TOS -> FIRST_STACK
  [tick 156] A -> TOS
  [tick 157] TOS -> FIRST_STACK
  [tick 158] IF - проверка условия
  [tick 158] FIRST_STACK -> TOS
  tos: 2
  [tick 159] IF - переход не требуется (не ноль)
  [tick 160] STORE
  [tick 161] JUMP
  Jump to 7
  [tick 162] KEY
  Read char 'e' (code 101)
  [tick 163] TOS -> FIRST_STACK
  [tick 164] EMIT
  Output char 'e'
  [tick 165] LIT - подготовка
  [tick 166] LIT - загрузка значения 5
  [tick 166] TOS -> STACK
  [tick 167] FETCH
  [tick 168] TOS -> FIRST_STACK
  [tick 169] LIT - подготовка
  [tick 170] LIT - загрузка значения 1
  [tick 170] TOS -> STACK
  [tick 171] COMEBACK ADR
  [tick 172] JUMP
  Jump to 17
  [tick 173] SWAP
  [tick 173] FIRST_STACK -> TOS
  [tick 175] FIRST_STACK -> A
  [tick 176] TOS -> FIRST_STACK
  [tick 177] A -> TOS
  [tick 178] TOS -> FIRST_STACK
  [tick 179] SUB
  [tick 179] FIRST_STACK -> TOS
  [tick 180] TOS -> FIRST_STACK
  [tick 181] LIT - подготовка
  [tick 182] LIT - загрузка значения 5
  [tick 182] TOS -> STACK
  [tick 183] SWAP
  [tick 183] FIRST_STACK -> TOS
  [tick 185] FIRST_STACK -> A
  [tick 186] TOS -> FIRST_STACK
  [tick 187] A -> TOS
  [tick 188] TOS -> FIRST_STACK
  [tick 190] DUP
  [tick 191] TOS -> FIRST_STACK
  [tick 192] A -> TOS
  [tick 193] TOS -> FIRST_STACK
  [tick 194] IF - проверка условия
  [tick 194] FIRST_STACK -> TOS
  tos: 1
  [tick 195] IF - переход не требуется (не ноль)
  [tick 196] STORE
  [tick 197] JUMP
  Jump to 7
  [tick 198] KEY
  Read char 'm' (code 109)
  [tick 199] TOS -> FIRST_STACK
  [tick 200] EMIT
  Output char 'm'
  [tick 201] LIT - подготовка
  [tick 202] LIT - загрузка значения 5
  [tick 202] TOS -> STACK
  [tick 203] FETCH
  [tick 204] TOS -> FIRST_STACK
  [tick 205] LIT - подготовка
  [tick 206] LIT - загрузка значения 1
  [tick 206] TOS -> STACK
  [tick 207] COMEBACK ADR
  [tick 208] JUMP
  Jump to 17
  [tick 209] SWAP
  [tick 209] FIRST_STACK -> TOS
  [tick 211] FIRST_STACK -> A
  [tick 212] TOS -> FIRST_STACK
  [tick 213] A -> TOS
  [tick 214] TOS -> FIRST_STACK
  [tick 215] SUB
  [tick 215] FIRST_STACK -> TOS
  [tick 216] TOS -> FIRST_STACK
  [tick 217] LIT - подготовка
  [tick 218] LIT - загрузка значения 5
  [tick 218] TOS -> STACK
  [tick 219] SWAP
  [tick 219] FIRST_STACK -> TOS
  [tick 221] FIRST_STACK -> A
  [tick 222] TOS -> FIRST_STACK
  [tick 223] A -> TOS
  [tick 224] TOS -> FIRST_STACK
  [tick 226] DUP
  [tick 227] TOS -> FIRST_STACK
  [tick 228] A -> TOS
  [tick 229] TOS -> FIRST_STACK
  [tick 230] IF - проверка условия
  [tick 230] FIRST_STACK -> TOS
  tos: 0
  [tick 231] IF - переход на 22
  [tick 232] LIT - подготовка
  [tick 233] LIT - загрузка значения 33
  [tick 233] TOS -> STACK
  [tick 234] EMIT
  Output char '!'
  [tick 235] HALT


out_log: |-
  DEBUG    root:machine.py:500 Tick: 0, PC: 0, Stack: [0, 0], Input: ['5', 'A', 'r', 't', 'e', 'm'], Output: [], tos: 0, a: 0, b: [], dump: [0, 0, 0, 0, 0, 0, 0, 0, 0, 0, 0, 0, 0, 0, 0, 0, 0, 0, 0, 0, 0, 0, 0, 0, 0], 
  DEBUG    root:machine.py:504 Tick: 2, PC: 1, Stack: [53, 0], Input: ['A', 'r', 't', 'e', 'm'], Output: [], tos: 53, a: 0, b: [], dump: [0, 0, 0, 0, 0, 0, 0, 0, 0, 0, 0, 0, 0, 0, 0, 0, 0, 0, 0, 0, 0, 0, 0, 0, 0], 
  DEBUG    root:machine.py:504 Tick: 6, PC: 2, Stack: [53, 53], Input: ['A', 'r', 't', 'e', 'm'], Output: [], tos: 53, a: 53, b: [], dump: [0, 0, 0, 0, 0, 0, 0, 0, 0, 0, 0, 0, 0, 0, 0, 0, 0, 0, 0, 0, 0, 0, 0, 0, 0], 
  DEBUG    root:machine.py:504 Tick: 8, PC: 3, Stack: [53, 0], Input: ['A', 'r', 't', 'e', 'm'], Output: [], tos: 53, a: 53, b: [], dump: [0, 0, 0, 0, 0, 0, 0, 0, 0, 0, 0, 0, 0, 0, 0, 0, 0, 0, 0, 0, 0, 0, 0, 0, 0], 
  DEBUG    root:machine.py:504 Tick: 10, PC: 4, Stack: [48, 53], Input: ['A', 'r', 't', 'e', 'm'], Output: [], tos: 53, a: 53, b: [], dump: [0, 0, 0, 0, 0, 0, 0, 0, 0, 0, 0, 0, 0, 0, 0, 0, 0, 0, 0, 0, 0, 0, 0, 0, 0], 
  DEBUG    root:machine.py:504 Tick: 12, PC: 17, Stack: [48, 53], Input: ['A', 'r', 't', 'e', 'm'], Output: [], tos: 53, a: 53, b: [4], dump: [0, 0, 0, 0, 0, 0, 0, 0, 0, 0, 0, 0, 0, 0, 0, 0, 0, 0, 0, 0, 0, 0, 0, 0, 0], 
  DEBUG    root:machine.py:504 Tick: 18, PC: 18, Stack: [53, 48], Input: ['A', 'r', 't', 'e', 'm'], Output: [], tos: 53, a: 53, b: [4], dump: [0, 0, 0, 0, 0, 0, 0, 0, 0, 0, 0, 0, 0, 0, 0, 0, 0, 0, 0, 0, 0, 0, 0, 0, 0], 
  DEBUG    root:machine.py:504 Tick: 20, PC: 19, Stack: [5, 0], Input: ['A', 'r', 't', 'e', 'm'], Output: [], tos: 5, a: 53, b: [4], dump: [0, 0, 0, 0, 0, 0, 0, 0, 0, 0, 0, 0, 0, 0, 0, 0, 0, 0, 0, 0, 0, 0, 0, 0, 0], 
  DEBUG    root:machine.py:504 Tick: 22, PC: 20, Stack: [5, 5], Input: ['A', 'r', 't', 'e', 'm'], Output: [], tos: 5, a: 53, b: [4], dump: [0, 0, 0, 0, 0, 0, 0, 0, 0, 0, 0, 0, 0, 0, 0, 0, 0, 0, 0, 0, 0, 0, 0, 0, 0], 
  DEBUG    root:machine.py:504 Tick: 28, PC: 21, Stack: [5, 5], Input: ['A', 'r', 't', 'e', 'm'], Output: [], tos: 5, a: 5, b: [4], dump: [0, 0, 0, 0, 0, 0, 0, 0, 0, 0, 0, 0, 0, 0, 0, 0, 0, 0, 0, 0, 0, 0, 0, 0, 0], 
  DEBUG    root:machine.py:504 Tick: 29, PC: 5, Stack: [5, 5], Input: ['A', 'r', 't', 'e', 'm'], Output: [], tos: 4, a: 5, b: [], dump: [0, 0, 0, 0, 0, 0, 0, 0, 0, 0, 0, 0, 0, 0, 0, 0, 0, 0, 0, 0, 0, 0, 0, 0, 0], 
  DEBUG    root:machine.py:504 Tick: 30, PC: 6, Stack: [0, 0], Input: ['A', 'r', 't', 'e', 'm'], Output: [], tos: 4, a: 5, b: [], dump: [0, 0, 0, 0, 0, 5, 0, 0, 0, 0, 0, 0, 0, 0, 0, 0, 0, 0, 0, 0, 0, 0, 0, 0, 0], 
  DEBUG    root:machine.py:504 Tick: 32, PC: 25, Stack: [0, 0], Input: ['A', 'r', 't', 'e', 'm'], Output: [], tos: 4, a: 5, b: [6], dump: [0, 0, 0, 0, 0, 5, 0, 0, 0, 0, 0, 0, 0, 0, 0, 0, 0, 0, 0, 0, 0, 0, 0, 0, 0], 
  DEBUG    root:machine.py:504 Tick: 34, PC: 26, Stack: [72, 0], Input: ['A', 'r', 't', 'e', 'm'], Output: [], tos: 4, a: 5, b: [6], dump: [0, 0, 0, 0, 0, 5, 0, 0, 0, 0, 0, 0, 0, 0, 0, 0, 0, 0, 0, 0, 0, 0, 0, 0, 0], 
  DEBUG    root:machine.py:504 Tick: 35, PC: 27, Stack: [0, 0], Input: ['A', 'r', 't', 'e', 'm'], Output: ['H'], tos: 4, a: 5, b: [6], dump: [0, 0, 0, 0, 0, 5, 0, 0, 0, 0, 0, 0, 0, 0, 0, 0, 0, 0, 0, 0, 0, 0, 0, 0, 0], 
  DEBUG    root:machine.py:504 Tick: 37, PC: 28, Stack: [101, 0], Input: ['A', 'r', 't', 'e', 'm'], Output: ['H'], tos: 4, a: 5, b: [6], dump: [0, 0, 0, 0, 0, 5, 0, 0, 0, 0, 0, 0, 0, 0, 0, 0, 0, 0, 0, 0, 0, 0, 0, 0, 0], 
  DEBUG    root:machine.py:504 Tick: 38, PC: 29, Stack: [0, 0], Input: ['A', 'r', 't', 'e', 'm'], Output: ['H', 'e'], tos: 4, a: 5, b: [6], dump: [0, 0, 0, 0, 0, 5, 0, 0, 0, 0, 0, 0, 0, 0, 0, 0, 0, 0, 0, 0, 0, 0, 0, 0, 0], 
  DEBUG    root:machine.py:504 Tick: 40, PC: 30, Stack: [108, 0], Input: ['A', 'r', 't', 'e', 'm'], Output: ['H', 'e'], tos: 4, a: 5, b: [6], dump: [0, 0, 0, 0, 0, 5, 0, 0, 0, 0, 0, 0, 0, 0, 0, 0, 0, 0, 0, 0, 0, 0, 0, 0, 0], 
  DEBUG    root:machine.py:504 Tick: 41, PC: 31, Stack: [0, 0], Input: ['A', 'r', 't', 'e', 'm'], Output: ['H', 'e', 'l'], tos: 4, a: 5, b: [6], dump: [0, 0, 0, 0, 0, 5, 0, 0, 0, 0, 0, 0, 0, 0, 0, 0, 0, 0, 0, 0, 0, 0, 0, 0, 0], 
  DEBUG    root:machine.py:504 Tick: 43, PC: 32, Stack: [108, 0], Input: ['A', 'r', 't', 'e', 'm'], Output: ['H', 'e', 'l'], tos: 4, a: 5, b: [6], dump: [0, 0, 0, 0, 0, 5, 0, 0, 0, 0, 0, 0, 0, 0, 0, 0, 0, 0, 0, 0, 0, 0, 0, 0, 0], 
  DEBUG    root:machine.py:504 Tick: 44, PC: 33, Stack: [0, 0], Input: ['A', 'r', 't', 'e', 'm'], Output: ['H', 'e', 'l', 'l'], tos: 4, a: 5, b: [6], dump: [0, 0, 0, 0, 0, 5, 0, 0, 0, 0, 0, 0, 0, 0, 0, 0, 0, 0, 0, 0, 0, 0, 0, 0, 0], 
  DEBUG    root:machine.py:504 Tick: 46, PC: 34, Stack: [111, 0], Input: ['A', 'r', 't', 'e', 'm'], Output: ['H', 'e', 'l', 'l'], tos: 4, a: 5, b: [6], dump: [0, 0, 0, 0, 0, 5, 0, 0, 0, 0, 0, 0, 0, 0, 0, 0, 0, 0, 0, 0, 0, 0, 0, 0, 0], 
  DEBUG    root:machine.py:504 Tick: 47, PC: 35, Stack: [0, 0], Input: ['A', 'r', 't', 'e', 'm'], Output: ['H', 'e', 'l', 'l', 'o'], tos: 4, a: 5, b: [6], dump: [0, 0, 0, 0, 0, 5, 0, 0, 0, 0, 0, 0, 0, 0, 0, 0, 0, 0, 0, 0, 0, 0, 0, 0, 0], 
  DEBUG    root:machine.py:504 Tick: 49, PC: 36, Stack: [44, 0], Input: ['A', 'r', 't', 'e', 'm'], Output: ['H', 'e', 'l', 'l', 'o'], tos: 4, a: 5, b: [6], dump: [0, 0, 0, 0, 0, 5, 0, 0, 0, 0, 0, 0, 0, 0, 0, 0, 0, 0, 0, 0, 0, 0, 0, 0, 0], 
  DEBUG    root:machine.py:504 Tick: 50, PC: 37, Stack: [0, 0], Input: ['A', 'r', 't', 'e', 'm'], Output: ['H', 'e', 'l', 'l', 'o', ','], tos: 4, a: 5, b: [6], dump: [0, 0, 0, 0, 0, 5, 0, 0, 0, 0, 0, 0, 0, 0, 0, 0, 0, 0, 0, 0, 0, 0, 0, 0, 0], 
  DEBUG    root:machine.py:504 Tick: 52, PC: 38, Stack: [32, 0], Input: ['A', 'r', 't', 'e', 'm'], Output: ['H', 'e', 'l', 'l', 'o', ','], tos: 4, a: 5, b: [6], dump: [0, 0, 0, 0, 0, 5, 0, 0, 0, 0, 0, 0, 0, 0, 0, 0, 0, 0, 0, 0, 0, 0, 0, 0, 0], 
  DEBUG    root:machine.py:504 Tick: 53, PC: 39, Stack: [0, 0], Input: ['A', 'r', 't', 'e', 'm'], Output: ['H', 'e', 'l', 'l', 'o', ',', ' '], tos: 4, a: 5, b: [6], dump: [0, 0, 0, 0, 0, 5, 0, 0, 0, 0, 0, 0, 0, 0, 0, 0, 0, 0, 0, 0, 0, 0, 0, 0, 0], 
  DEBUG    root:machine.py:504 Tick: 54, PC: 7, Stack: [0, 0], Input: ['A', 'r', 't', 'e', 'm'], Output: ['H', 'e', 'l', 'l', 'o', ',', ' '], tos: 6, a: 5, b: [], dump: [0, 0, 0, 0, 0, 5, 0, 0, 0, 0, 0, 0, 0, 0, 0, 0, 0, 0, 0, 0, 0, 0, 0, 0, 0], 
  DEBUG    root:machine.py:504 Tick: 56, PC: 8, Stack: [65, 0], Input: ['r', 't', 'e', 'm'], Output: ['H', 'e', 'l', 'l', 'o', ',', ' '], tos: 65, a: 5, b: [], dump: [0, 0, 0, 0, 0, 5, 0, 0, 0, 0, 0, 0, 0, 0, 0, 0, 0, 0, 0, 0, 0, 0, 0, 0, 0], 
  DEBUG    root:machine.py:504 Tick: 57, PC: 9, Stack: [0, 0], Input: ['r', 't', 'e', 'm'], Output: ['H', 'e', 'l', 'l', 'o', ',', ' ', 'A'], tos: 65, a: 5, b: [], dump: [0, 0, 0, 0, 0, 5, 0, 0, 0, 0, 0, 0, 0, 0, 0, 0, 0, 0, 0, 0, 0, 0, 0, 0, 0], 
  DEBUG    root:machine.py:504 Tick: 59, PC: 10, Stack: [5, 0], Input: ['r', 't', 'e', 'm'], Output: ['H', 'e', 'l', 'l', 'o', ',', ' ', 'A'], tos: 65, a: 5, b: [], dump: [0, 0, 0, 0, 0, 5, 0, 0, 0, 0, 0, 0, 0, 0, 0, 0, 0, 0, 0, 0, 0, 0, 0, 0, 0], 
  DEBUG    root:machine.py:504 Tick: 61, PC: 11, Stack: [5, 0], Input: ['r', 't', 'e', 'm'], Output: ['H', 'e', 'l', 'l', 'o', ',', ' ', 'A'], tos: 5, a: 5, b: [], dump: [0, 0, 0, 0, 0, 5, 0, 0, 0, 0, 0, 0, 0, 0, 0, 0, 0, 0, 0, 0, 0, 0, 0, 0, 0], 
  DEBUG    root:machine.py:504 Tick: 63, PC: 12, Stack: [1, 5], Input: ['r', 't', 'e', 'm'], Output: ['H', 'e', 'l', 'l', 'o', ',', ' ', 'A'], tos: 5, a: 5, b: [], dump: [0, 0, 0, 0, 0, 5, 0, 0, 0, 0, 0, 0, 0, 0, 0, 0, 0, 0, 0, 0, 0, 0, 0, 0, 0], 
  DEBUG    root:machine.py:504 Tick: 65, PC: 17, Stack: [1, 5], Input: ['r', 't', 'e', 'm'], Output: ['H', 'e', 'l', 'l', 'o', ',', ' ', 'A'], tos: 5, a: 5, b: [12], dump: [0, 0, 0, 0, 0, 5, 0, 0, 0, 0, 0, 0, 0, 0, 0, 0, 0, 0, 0, 0, 0, 0, 0, 0, 0], 
  DEBUG    root:machine.py:504 Tick: 71, PC: 18, Stack: [5, 1], Input: ['r', 't', 'e', 'm'], Output: ['H', 'e', 'l', 'l', 'o', ',', ' ', 'A'], tos: 5, a: 5, b: [12], dump: [0, 0, 0, 0, 0, 5, 0, 0, 0, 0, 0, 0, 0, 0, 0, 0, 0, 0, 0, 0, 0, 0, 0, 0, 0], 
  DEBUG    root:machine.py:504 Tick: 73, PC: 19, Stack: [4, 0], Input: ['r', 't', 'e', 'm'], Output: ['H', 'e', 'l', 'l', 'o', ',', ' ', 'A'], tos: 4, a: 5, b: [12], dump: [0, 0, 0, 0, 0, 5, 0, 0, 0, 0, 0, 0, 0, 0, 0, 0, 0, 0, 0, 0, 0, 0, 0, 0, 0], 
  DEBUG    root:machine.py:504 Tick: 75, PC: 20, Stack: [5, 4], Input: ['r', 't', 'e', 'm'], Output: ['H', 'e', 'l', 'l', 'o', ',', ' ', 'A'], tos: 4, a: 5, b: [12], dump: [0, 0, 0, 0, 0, 5, 0, 0, 0, 0, 0, 0, 0, 0, 0, 0, 0, 0, 0, 0, 0, 0, 0, 0, 0], 
  DEBUG    root:machine.py:504 Tick: 81, PC: 21, Stack: [4, 5], Input: ['r', 't', 'e', 'm'], Output: ['H', 'e', 'l', 'l', 'o', ',', ' ', 'A'], tos: 4, a: 4, b: [12], dump: [0, 0, 0, 0, 0, 5, 0, 0, 0, 0, 0, 0, 0, 0, 0, 0, 0, 0, 0, 0, 0, 0, 0, 0, 0], 
  DEBUG    root:machine.py:504 Tick: 82, PC: 13, Stack: [4, 5], Input: ['r', 't', 'e', 'm'], Output: ['H', 'e', 'l', 'l', 'o', ',', ' ', 'A'], tos: 12, a: 4, b: [], dump: [0, 0, 0, 0, 0, 5, 0, 0, 0, 0, 0, 0, 0, 0, 0, 0, 0, 0, 0, 0, 0, 0, 0, 0, 0], 
  DEBUG    root:machine.py:504 Tick: 86, PC: 14, Stack: [4, 4], Input: ['r', 't', 'e', 'm'], Output: ['H', 'e', 'l', 'l', 'o', ',', ' ', 'A'], tos: 4, a: 4, b: [], dump: [0, 0, 0, 0, 0, 5, 0, 0, 0, 0, 0, 0, 0, 0, 0, 0, 0, 0, 0, 0, 0, 0, 0, 0, 0], 
  DEBUG    root:machine.py:504 Tick: 88, PC: 15, Stack: [4, 5], Input: ['r', 't', 'e', 'm'], Output: ['H', 'e', 'l', 'l', 'o', ',', ' ', 'A'], tos: 4, a: 4, b: [], dump: [0, 0, 0, 0, 0, 5, 0, 0, 0, 0, 0, 0, 0, 0, 0, 0, 0, 0, 0, 0, 0, 0, 0, 0, 0], 
  DEBUG    root:machine.py:504 Tick: 89, PC: 16, Stack: [0, 0], Input: ['r', 't', 'e', 'm'], Output: ['H', 'e', 'l', 'l', 'o', ',', ' ', 'A'], tos: 4, a: 4, b: [], dump: [0, 0, 0, 0, 0, 4, 0, 0, 0, 0, 0, 0, 0, 0, 0, 0, 0, 0, 0, 0, 0, 0, 0, 0, 0], 
  DEBUG    root:machine.py:504 Tick: 90, PC: 7, Stack: [0, 0], Input: ['r', 't', 'e', 'm'], Output: ['H', 'e', 'l', 'l', 'o', ',', ' ', 'A'], tos: 4, a: 4, b: [], dump: [0, 0, 0, 0, 0, 4, 0, 0, 0, 0, 0, 0, 0, 0, 0, 0, 0, 0, 0, 0, 0, 0, 0, 0, 0], 
  DEBUG    root:machine.py:504 Tick: 92, PC: 8, Stack: [114, 0], Input: ['t', 'e', 'm'], Output: ['H', 'e', 'l', 'l', 'o', ',', ' ', 'A'], tos: 114, a: 4, b: [], dump: [0, 0, 0, 0, 0, 4, 0, 0, 0, 0, 0, 0, 0, 0, 0, 0, 0, 0, 0, 0, 0, 0, 0, 0, 0], 
  DEBUG    root:machine.py:504 Tick: 93, PC: 9, Stack: [0, 0], Input: ['t', 'e', 'm'], Output: ['H', 'e', 'l', 'l', 'o', ',', ' ', 'A', 'r'], tos: 114, a: 4, b: [], dump: [0, 0, 0, 0, 0, 4, 0, 0, 0, 0, 0, 0, 0, 0, 0, 0, 0, 0, 0, 0, 0, 0, 0, 0, 0], 
  DEBUG    root:machine.py:504 Tick: 95, PC: 10, Stack: [5, 0], Input: ['t', 'e', 'm'], Output: ['H', 'e', 'l', 'l', 'o', ',', ' ', 'A', 'r'], tos: 114, a: 4, b: [], dump: [0, 0, 0, 0, 0, 4, 0, 0, 0, 0, 0, 0, 0, 0, 0, 0, 0, 0, 0, 0, 0, 0, 0, 0, 0], 
  DEBUG    root:machine.py:504 Tick: 97, PC: 11, Stack: [4, 0], Input: ['t', 'e', 'm'], Output: ['H', 'e', 'l', 'l', 'o', ',', ' ', 'A', 'r'], tos: 4, a: 4, b: [], dump: [0, 0, 0, 0, 0, 4, 0, 0, 0, 0, 0, 0, 0, 0, 0, 0, 0, 0, 0, 0, 0, 0, 0, 0, 0], 
  DEBUG    root:machine.py:504 Tick: 99, PC: 12, Stack: [1, 4], Input: ['t', 'e', 'm'], Output: ['H', 'e', 'l', 'l', 'o', ',', ' ', 'A', 'r'], tos: 4, a: 4, b: [], dump: [0, 0, 0, 0, 0, 4, 0, 0, 0, 0, 0, 0, 0, 0, 0, 0, 0, 0, 0, 0, 0, 0, 0, 0, 0], 
  DEBUG    root:machine.py:504 Tick: 101, PC: 17, Stack: [1, 4], Input: ['t', 'e', 'm'], Output: ['H', 'e', 'l', 'l', 'o', ',', ' ', 'A', 'r'], tos: 4, a: 4, b: [12], dump: [0, 0, 0, 0, 0, 4, 0, 0, 0, 0, 0, 0, 0, 0, 0, 0, 0, 0, 0, 0, 0, 0, 0, 0, 0], 
  DEBUG    root:machine.py:504 Tick: 107, PC: 18, Stack: [4, 1], Input: ['t', 'e', 'm'], Output: ['H', 'e', 'l', 'l', 'o', ',', ' ', 'A', 'r'], tos: 4, a: 4, b: [12], dump: [0, 0, 0, 0, 0, 4, 0, 0, 0, 0, 0, 0, 0, 0, 0, 0, 0, 0, 0, 0, 0, 0, 0, 0, 0], 
  DEBUG    root:machine.py:504 Tick: 109, PC: 19, Stack: [3, 0], Input: ['t', 'e', 'm'], Output: ['H', 'e', 'l', 'l', 'o', ',', ' ', 'A', 'r'], tos: 3, a: 4, b: [12], dump: [0, 0, 0, 0, 0, 4, 0, 0, 0, 0, 0, 0, 0, 0, 0, 0, 0, 0, 0, 0, 0, 0, 0, 0, 0], 
  DEBUG    root:machine.py:504 Tick: 111, PC: 20, Stack: [5, 3], Input: ['t', 'e', 'm'], Output: ['H', 'e', 'l', 'l', 'o', ',', ' ', 'A', 'r'], tos: 3, a: 4, b: [12], dump: [0, 0, 0, 0, 0, 4, 0, 0, 0, 0, 0, 0, 0, 0, 0, 0, 0, 0, 0, 0, 0, 0, 0, 0, 0], 
  DEBUG    root:machine.py:504 Tick: 117, PC: 21, Stack: [3, 5], Input: ['t', 'e', 'm'], Output: ['H', 'e', 'l', 'l', 'o', ',', ' ', 'A', 'r'], tos: 3, a: 3, b: [12], dump: [0, 0, 0, 0, 0, 4, 0, 0, 0, 0, 0, 0, 0, 0, 0, 0, 0, 0, 0, 0, 0, 0, 0, 0, 0], 
  DEBUG    root:machine.py:504 Tick: 118, PC: 13, Stack: [3, 5], Input: ['t', 'e', 'm'], Output: ['H', 'e', 'l', 'l', 'o', ',', ' ', 'A', 'r'], tos: 12, a: 3, b: [], dump: [0, 0, 0, 0, 0, 4, 0, 0, 0, 0, 0, 0, 0, 0, 0, 0, 0, 0, 0, 0, 0, 0, 0, 0, 0], 
  DEBUG    root:machine.py:504 Tick: 122, PC: 14, Stack: [3, 3], Input: ['t', 'e', 'm'], Output: ['H', 'e', 'l', 'l', 'o', ',', ' ', 'A', 'r'], tos: 3, a: 3, b: [], dump: [0, 0, 0, 0, 0, 4, 0, 0, 0, 0, 0, 0, 0, 0, 0, 0, 0, 0, 0, 0, 0, 0, 0, 0, 0], 
  DEBUG    root:machine.py:504 Tick: 124, PC: 15, Stack: [3, 5], Input: ['t', 'e', 'm'], Output: ['H', 'e', 'l', 'l', 'o', ',', ' ', 'A', 'r'], tos: 3, a: 3, b: [], dump: [0, 0, 0, 0, 0, 4, 0, 0, 0, 0, 0, 0, 0, 0, 0, 0, 0, 0, 0, 0, 0, 0, 0, 0, 0], 
  DEBUG    root:machine.py:504 Tick: 125, PC: 16, Stack: [0, 0], Input: ['t', 'e', 'm'], Output: ['H', 'e', 'l', 'l', 'o', ',', ' ', 'A', 'r'], tos: 3, a: 3, b: [], dump: [0, 0, 0, 0, 0, 3, 0, 0, 0, 0, 0, 0, 0, 0, 0, 0, 0, 0, 0, 0, 0, 0, 0, 0, 0], 
  DEBUG    root:machine.py:504 Tick: 126, PC: 7, Stack: [0, 0], Input: ['t', 'e', 'm'], Output: ['H', 'e', 'l', 'l', 'o', ',', ' ', 'A', 'r'], tos: 3, a: 3, b: [], dump: [0, 0, 0, 0, 0, 3, 0, 0, 0, 0, 0, 0, 0, 0, 0, 0, 0, 0, 0, 0, 0, 0, 0, 0, 0], 
  DEBUG    root:machine.py:504 Tick: 128, PC: 8, Stack: [116, 0], Input: ['e', 'm'], Output: ['H', 'e', 'l', 'l', 'o', ',', ' ', 'A', 'r'], tos: 116, a: 3, b: [], dump: [0, 0, 0, 0, 0, 3, 0, 0, 0, 0, 0, 0, 0, 0, 0, 0, 0, 0, 0, 0, 0, 0, 0, 0, 0], 
  DEBUG    root:machine.py:504 Tick: 129, PC: 9, Stack: [0, 0], Input: ['e', 'm'], Output: ['H', 'e', 'l', 'l', 'o', ',', ' ', 'A', 'r', 't'], tos: 116, a: 3, b: [], dump: [0, 0, 0, 0, 0, 3, 0, 0, 0, 0, 0, 0, 0, 0, 0, 0, 0, 0, 0, 0, 0, 0, 0, 0, 0], 
  DEBUG    root:machine.py:504 Tick: 131, PC: 10, Stack: [5, 0], Input: ['e', 'm'], Output: ['H', 'e', 'l', 'l', 'o', ',', ' ', 'A', 'r', 't'], tos: 116, a: 3, b: [], dump: [0, 0, 0, 0, 0, 3, 0, 0, 0, 0, 0, 0, 0, 0, 0, 0, 0, 0, 0, 0, 0, 0, 0, 0, 0], 
  DEBUG    root:machine.py:504 Tick: 133, PC: 11, Stack: [3, 0], Input: ['e', 'm'], Output: ['H', 'e', 'l', 'l', 'o', ',', ' ', 'A', 'r', 't'], tos: 3, a: 3, b: [], dump: [0, 0, 0, 0, 0, 3, 0, 0, 0, 0, 0, 0, 0, 0, 0, 0, 0, 0, 0, 0, 0, 0, 0, 0, 0], 
  DEBUG    root:machine.py:504 Tick: 135, PC: 12, Stack: [1, 3], Input: ['e', 'm'], Output: ['H', 'e', 'l', 'l', 'o', ',', ' ', 'A', 'r', 't'], tos: 3, a: 3, b: [], dump: [0, 0, 0, 0, 0, 3, 0, 0, 0, 0, 0, 0, 0, 0, 0, 0, 0, 0, 0, 0, 0, 0, 0, 0, 0], 
  DEBUG    root:machine.py:504 Tick: 137, PC: 17, Stack: [1, 3], Input: ['e', 'm'], Output: ['H', 'e', 'l', 'l', 'o', ',', ' ', 'A', 'r', 't'], tos: 3, a: 3, b: [12], dump: [0, 0, 0, 0, 0, 3, 0, 0, 0, 0, 0, 0, 0, 0, 0, 0, 0, 0, 0, 0, 0, 0, 0, 0, 0], 
  DEBUG    root:machine.py:504 Tick: 143, PC: 18, Stack: [3, 1], Input: ['e', 'm'], Output: ['H', 'e', 'l', 'l', 'o', ',', ' ', 'A', 'r', 't'], tos: 3, a: 3, b: [12], dump: [0, 0, 0, 0, 0, 3, 0, 0, 0, 0, 0, 0, 0, 0, 0, 0, 0, 0, 0, 0, 0, 0, 0, 0, 0], 
  DEBUG    root:machine.py:504 Tick: 145, PC: 19, Stack: [2, 0], Input: ['e', 'm'], Output: ['H', 'e', 'l', 'l', 'o', ',', ' ', 'A', 'r', 't'], tos: 2, a: 3, b: [12], dump: [0, 0, 0, 0, 0, 3, 0, 0, 0, 0, 0, 0, 0, 0, 0, 0, 0, 0, 0, 0, 0, 0, 0, 0, 0], 
  DEBUG    root:machine.py:504 Tick: 147, PC: 20, Stack: [5, 2], Input: ['e', 'm'], Output: ['H', 'e', 'l', 'l', 'o', ',', ' ', 'A', 'r', 't'], tos: 2, a: 3, b: [12], dump: [0, 0, 0, 0, 0, 3, 0, 0, 0, 0, 0, 0, 0, 0, 0, 0, 0, 0, 0, 0, 0, 0, 0, 0, 0], 
  DEBUG    root:machine.py:504 Tick: 153, PC: 21, Stack: [2, 5], Input: ['e', 'm'], Output: ['H', 'e', 'l', 'l', 'o', ',', ' ', 'A', 'r', 't'], tos: 2, a: 2, b: [12], dump: [0, 0, 0, 0, 0, 3, 0, 0, 0, 0, 0, 0, 0, 0, 0, 0, 0, 0, 0, 0, 0, 0, 0, 0, 0], 
  DEBUG    root:machine.py:504 Tick: 154, PC: 13, Stack: [2, 5], Input: ['e', 'm'], Output: ['H', 'e', 'l', 'l', 'o', ',', ' ', 'A', 'r', 't'], tos: 12, a: 2, b: [], dump: [0, 0, 0, 0, 0, 3, 0, 0, 0, 0, 0, 0, 0, 0, 0, 0, 0, 0, 0, 0, 0, 0, 0, 0, 0], 
  DEBUG    root:machine.py:504 Tick: 158, PC: 14, Stack: [2, 2], Input: ['e', 'm'], Output: ['H', 'e', 'l', 'l', 'o', ',', ' ', 'A', 'r', 't'], tos: 2, a: 2, b: [], dump: [0, 0, 0, 0, 0, 3, 0, 0, 0, 0, 0, 0, 0, 0, 0, 0, 0, 0, 0, 0, 0, 0, 0, 0, 0], 
  DEBUG    root:machine.py:504 Tick: 160, PC: 15, Stack: [2, 5], Input: ['e', 'm'], Output: ['H', 'e', 'l', 'l', 'o', ',', ' ', 'A', 'r', 't'], tos: 2, a: 2, b: [], dump: [0, 0, 0, 0, 0, 3, 0, 0, 0, 0, 0, 0, 0, 0, 0, 0, 0, 0, 0, 0, 0, 0, 0, 0, 0], 
  DEBUG    root:machine.py:504 Tick: 161, PC: 16, Stack: [0, 0], Input: ['e', 'm'], Output: ['H', 'e', 'l', 'l', 'o', ',', ' ', 'A', 'r', 't'], tos: 2, a: 2, b: [], dump: [0, 0, 0, 0, 0, 2, 0, 0, 0, 0, 0, 0, 0, 0, 0, 0, 0, 0, 0, 0, 0, 0, 0, 0, 0], 
  DEBUG    root:machine.py:504 Tick: 162, PC: 7, Stack: [0, 0], Input: ['e', 'm'], Output: ['H', 'e', 'l', 'l', 'o', ',', ' ', 'A', 'r', 't'], tos: 2, a: 2, b: [], dump: [0, 0, 0, 0, 0, 2, 0, 0, 0, 0, 0, 0, 0, 0, 0, 0, 0, 0, 0, 0, 0, 0, 0, 0, 0], 
  DEBUG    root:machine.py:504 Tick: 164, PC: 8, Stack: [101, 0], Input: ['m'], Output: ['H', 'e', 'l', 'l', 'o', ',', ' ', 'A', 'r', 't'], tos: 101, a: 2, b: [], dump: [0, 0, 0, 0, 0, 2, 0, 0, 0, 0, 0, 0, 0, 0, 0, 0, 0, 0, 0, 0, 0, 0, 0, 0, 0], 
  DEBUG    root:machine.py:504 Tick: 165, PC: 9, Stack: [0, 0], Input: ['m'], Output: ['H', 'e', 'l', 'l', 'o', ',', ' ', 'A', 'r', 't', 'e'], tos: 101, a: 2, b: [], dump: [0, 0, 0, 0, 0, 2, 0, 0, 0, 0, 0, 0, 0, 0, 0, 0, 0, 0, 0, 0, 0, 0, 0, 0, 0], 
  DEBUG    root:machine.py:504 Tick: 167, PC: 10, Stack: [5, 0], Input: ['m'], Output: ['H', 'e', 'l', 'l', 'o', ',', ' ', 'A', 'r', 't', 'e'], tos: 101, a: 2, b: [], dump: [0, 0, 0, 0, 0, 2, 0, 0, 0, 0, 0, 0, 0, 0, 0, 0, 0, 0, 0, 0, 0, 0, 0, 0, 0], 
  DEBUG    root:machine.py:504 Tick: 169, PC: 11, Stack: [2, 0], Input: ['m'], Output: ['H', 'e', 'l', 'l', 'o', ',', ' ', 'A', 'r', 't', 'e'], tos: 2, a: 2, b: [], dump: [0, 0, 0, 0, 0, 2, 0, 0, 0, 0, 0, 0, 0, 0, 0, 0, 0, 0, 0, 0, 0, 0, 0, 0, 0], 
  DEBUG    root:machine.py:504 Tick: 171, PC: 12, Stack: [1, 2], Input: ['m'], Output: ['H', 'e', 'l', 'l', 'o', ',', ' ', 'A', 'r', 't', 'e'], tos: 2, a: 2, b: [], dump: [0, 0, 0, 0, 0, 2, 0, 0, 0, 0, 0, 0, 0, 0, 0, 0, 0, 0, 0, 0, 0, 0, 0, 0, 0], 
  DEBUG    root:machine.py:504 Tick: 173, PC: 17, Stack: [1, 2], Input: ['m'], Output: ['H', 'e', 'l', 'l', 'o', ',', ' ', 'A', 'r', 't', 'e'], tos: 2, a: 2, b: [12], dump: [0, 0, 0, 0, 0, 2, 0, 0, 0, 0, 0, 0, 0, 0, 0, 0, 0, 0, 0, 0, 0, 0, 0, 0, 0], 
  DEBUG    root:machine.py:504 Tick: 179, PC: 18, Stack: [2, 1], Input: ['m'], Output: ['H', 'e', 'l', 'l', 'o', ',', ' ', 'A', 'r', 't', 'e'], tos: 2, a: 2, b: [12], dump: [0, 0, 0, 0, 0, 2, 0, 0, 0, 0, 0, 0, 0, 0, 0, 0, 0, 0, 0, 0, 0, 0, 0, 0, 0], 
  DEBUG    root:machine.py:504 Tick: 181, PC: 19, Stack: [1, 0], Input: ['m'], Output: ['H', 'e', 'l', 'l', 'o', ',', ' ', 'A', 'r', 't', 'e'], tos: 1, a: 2, b: [12], dump: [0, 0, 0, 0, 0, 2, 0, 0, 0, 0, 0, 0, 0, 0, 0, 0, 0, 0, 0, 0, 0, 0, 0, 0, 0], 
  DEBUG    root:machine.py:504 Tick: 183, PC: 20, Stack: [5, 1], Input: ['m'], Output: ['H', 'e', 'l', 'l', 'o', ',', ' ', 'A', 'r', 't', 'e'], tos: 1, a: 2, b: [12], dump: [0, 0, 0, 0, 0, 2, 0, 0, 0, 0, 0, 0, 0, 0, 0, 0, 0, 0, 0, 0, 0, 0, 0, 0, 0], 
  DEBUG    root:machine.py:504 Tick: 189, PC: 21, Stack: [1, 5], Input: ['m'], Output: ['H', 'e', 'l', 'l', 'o', ',', ' ', 'A', 'r', 't', 'e'], tos: 1, a: 1, b: [12], dump: [0, 0, 0, 0, 0, 2, 0, 0, 0, 0, 0, 0, 0, 0, 0, 0, 0, 0, 0, 0, 0, 0, 0, 0, 0], 
  DEBUG    root:machine.py:504 Tick: 190, PC: 13, Stack: [1, 5], Input: ['m'], Output: ['H', 'e', 'l', 'l', 'o', ',', ' ', 'A', 'r', 't', 'e'], tos: 12, a: 1, b: [], dump: [0, 0, 0, 0, 0, 2, 0, 0, 0, 0, 0, 0, 0, 0, 0, 0, 0, 0, 0, 0, 0, 0, 0, 0, 0], 
  DEBUG    root:machine.py:504 Tick: 194, PC: 14, Stack: [1, 1], Input: ['m'], Output: ['H', 'e', 'l', 'l', 'o', ',', ' ', 'A', 'r', 't', 'e'], tos: 1, a: 1, b: [], dump: [0, 0, 0, 0, 0, 2, 0, 0, 0, 0, 0, 0, 0, 0, 0, 0, 0, 0, 0, 0, 0, 0, 0, 0, 0], 
  DEBUG    root:machine.py:504 Tick: 196, PC: 15, Stack: [1, 5], Input: ['m'], Output: ['H', 'e', 'l', 'l', 'o', ',', ' ', 'A', 'r', 't', 'e'], tos: 1, a: 1, b: [], dump: [0, 0, 0, 0, 0, 2, 0, 0, 0, 0, 0, 0, 0, 0, 0, 0, 0, 0, 0, 0, 0, 0, 0, 0, 0], 
  DEBUG    root:machine.py:504 Tick: 197, PC: 16, Stack: [0, 0], Input: ['m'], Output: ['H', 'e', 'l', 'l', 'o', ',', ' ', 'A', 'r', 't', 'e'], tos: 1, a: 1, b: [], dump: [0, 0, 0, 0, 0, 1, 0, 0, 0, 0, 0, 0, 0, 0, 0, 0, 0, 0, 0, 0, 0, 0, 0, 0, 0], 
  DEBUG    root:machine.py:504 Tick: 198, PC: 7, Stack: [0, 0], Input: ['m'], Output: ['H', 'e', 'l', 'l', 'o', ',', ' ', 'A', 'r', 't', 'e'], tos: 1, a: 1, b: [], dump: [0, 0, 0, 0, 0, 1, 0, 0, 0, 0, 0, 0, 0, 0, 0, 0, 0, 0, 0, 0, 0, 0, 0, 0, 0], 
  DEBUG    root:machine.py:504 Tick: 200, PC: 8, Stack: [109, 0], Input: [], Output: ['H', 'e', 'l', 'l', 'o', ',', ' ', 'A', 'r', 't', 'e'], tos: 109, a: 1, b: [], dump: [0, 0, 0, 0, 0, 1, 0, 0, 0, 0, 0, 0, 0, 0, 0, 0, 0, 0, 0, 0, 0, 0, 0, 0, 0], 
  DEBUG    root:machine.py:504 Tick: 201, PC: 9, Stack: [0, 0], Input: [], Output: ['H', 'e', 'l', 'l', 'o', ',', ' ', 'A', 'r', 't', 'e', 'm'], tos: 109, a: 1, b: [], dump: [0, 0, 0, 0, 0, 1, 0, 0, 0, 0, 0, 0, 0, 0, 0, 0, 0, 0, 0, 0, 0, 0, 0, 0, 0], 
  DEBUG    root:machine.py:504 Tick: 203, PC: 10, Stack: [5, 0], Input: [], Output: ['H', 'e', 'l', 'l', 'o', ',', ' ', 'A', 'r', 't', 'e', 'm'], tos: 109, a: 1, b: [], dump: [0, 0, 0, 0, 0, 1, 0, 0, 0, 0, 0, 0, 0, 0, 0, 0, 0, 0, 0, 0, 0, 0, 0, 0, 0], 
  DEBUG    root:machine.py:504 Tick: 205, PC: 11, Stack: [1, 0], Input: [], Output: ['H', 'e', 'l', 'l', 'o', ',', ' ', 'A', 'r', 't', 'e', 'm'], tos: 1, a: 1, b: [], dump: [0, 0, 0, 0, 0, 1, 0, 0, 0, 0, 0, 0, 0, 0, 0, 0, 0, 0, 0, 0, 0, 0, 0, 0, 0], 
  DEBUG    root:machine.py:504 Tick: 207, PC: 12, Stack: [1, 1], Input: [], Output: ['H', 'e', 'l', 'l', 'o', ',', ' ', 'A', 'r', 't', 'e', 'm'], tos: 1, a: 1, b: [], dump: [0, 0, 0, 0, 0, 1, 0, 0, 0, 0, 0, 0, 0, 0, 0, 0, 0, 0, 0, 0, 0, 0, 0, 0, 0], 
  DEBUG    root:machine.py:504 Tick: 209, PC: 17, Stack: [1, 1], Input: [], Output: ['H', 'e', 'l', 'l', 'o', ',', ' ', 'A', 'r', 't', 'e', 'm'], tos: 1, a: 1, b: [12], dump: [0, 0, 0, 0, 0, 1, 0, 0, 0, 0, 0, 0, 0, 0, 0, 0, 0, 0, 0, 0, 0, 0, 0, 0, 0], 
  DEBUG    root:machine.py:504 Tick: 215, PC: 18, Stack: [1, 1], Input: [], Output: ['H', 'e', 'l', 'l', 'o', ',', ' ', 'A', 'r', 't', 'e', 'm'], tos: 1, a: 1, b: [12], dump: [0, 0, 0, 0, 0, 1, 0, 0, 0, 0, 0, 0, 0, 0, 0, 0, 0, 0, 0, 0, 0, 0, 0, 0, 0], 
  DEBUG    root:machine.py:504 Tick: 217, PC: 19, Stack: [0, 0], Input: [], Output: ['H', 'e', 'l', 'l', 'o', ',', ' ', 'A', 'r', 't', 'e', 'm'], tos: 0, a: 1, b: [12], dump: [0, 0, 0, 0, 0, 1, 0, 0, 0, 0, 0, 0, 0, 0, 0, 0, 0, 0, 0, 0, 0, 0, 0, 0, 0], 
  DEBUG    root:machine.py:504 Tick: 219, PC: 20, Stack: [5, 0], Input: [], Output: ['H', 'e', 'l', 'l', 'o', ',', ' ', 'A', 'r', 't', 'e', 'm'], tos: 0, a: 1, b: [12], dump: [0, 0, 0, 0, 0, 1, 0, 0, 0, 0, 0, 0, 0, 0, 0, 0, 0, 0, 0, 0, 0, 0, 0, 0, 0], 
  DEBUG    root:machine.py:504 Tick: 225, PC: 21, Stack: [0, 5], Input: [], Output: ['H', 'e', 'l', 'l', 'o', ',', ' ', 'A', 'r', 't', 'e', 'm'], tos: 0, a: 0, b: [12], dump: [0, 0, 0, 0, 0, 1, 0, 0, 0, 0, 0, 0, 0, 0, 0, 0, 0, 0, 0, 0, 0, 0, 0, 0, 0], 
  DEBUG    root:machine.py:504 Tick: 226, PC: 13, Stack: [0, 5], Input: [], Output: ['H', 'e', 'l', 'l', 'o', ',', ' ', 'A', 'r', 't', 'e', 'm'], tos: 12, a: 0, b: [], dump: [0, 0, 0, 0, 0, 1, 0, 0, 0, 0, 0, 0, 0, 0, 0, 0, 0, 0, 0, 0, 0, 0, 0, 0, 0], 
  DEBUG    root:machine.py:504 Tick: 230, PC: 14, Stack: [0, 0], Input: [], Output: ['H', 'e', 'l', 'l', 'o', ',', ' ', 'A', 'r', 't', 'e', 'm'], tos: 0, a: 0, b: [], dump: [0, 0, 0, 0, 0, 1, 0, 0, 0, 0, 0, 0, 0, 0, 0, 0, 0, 0, 0, 0, 0, 0, 0, 0, 0], 
  DEBUG    root:machine.py:504 Tick: 232, PC: 22, Stack: [0, 5], Input: [], Output: ['H', 'e', 'l', 'l', 'o', ',', ' ', 'A', 'r', 't', 'e', 'm'], tos: 0, a: 0, b: [], dump: [0, 0, 0, 0, 0, 1, 0, 0, 0, 0, 0, 0, 0, 0, 0, 0, 0, 0, 0, 0, 0, 0, 0, 0, 0], 
  DEBUG    root:machine.py:504 Tick: 234, PC: 23, Stack: [33, 0], Input: [], Output: ['H', 'e', 'l', 'l', 'o', ',', ' ', 'A', 'r', 't', 'e', 'm'], tos: 0, a: 0, b: [], dump: [0, 0, 0, 0, 0, 1, 0, 0, 0, 0, 0, 0, 0, 0, 0, 0, 0, 0, 0, 0, 0, 0, 0, 0, 0], 
  DEBUG    root:machine.py:504 Tick: 235, PC: 24, Stack: [0, 5], Input: [], Output: ['H', 'e', 'l', 'l', 'o', ',', ' ', 'A', 'r', 't', 'e', 'm', '!'], tos: 0, a: 0, b: [], dump: [0, 0, 0, 0, 0, 1, 0, 0, 0, 0, 0, 0, 0, 0, 0, 0, 0, 0, 0, 0, 0, 0, 0, 0, 0], 
  DEBUG    root:machine.py:504 Tick: 236, PC: 24, Stack: [0, 5], Input: [], Output: ['H', 'e', 'l', 'l', 'o', ',', ' ', 'A', 'r', 't', 'e', 'm', '!'], tos: 0, a: 0, b: [], dump: [0, 0, 0, 0, 0, 1, 0, 0, 0, 0, 0, 0, 0, 0, 0, 0, 0, 0, 0, 0, 0, 0, 0, 0, 0], 
  EOF

